Component: ARM Compiler 5.06 update 7 (build 960) Tool: armlink [4d3601]

==============================================================================

Section Cross References

    startup_stm32f407xx.o(STACK) refers (Special) to heapauxi.o(.text) for __use_two_region_memory
    startup_stm32f407xx.o(HEAP) refers (Special) to heapauxi.o(.text) for __use_two_region_memory
    startup_stm32f407xx.o(RESET) refers (Special) to heapauxi.o(.text) for __use_two_region_memory
    startup_stm32f407xx.o(RESET) refers to startup_stm32f407xx.o(STACK) for __initial_sp
    startup_stm32f407xx.o(RESET) refers to startup_stm32f407xx.o(.text) for Reset_Handler
    startup_stm32f407xx.o(RESET) refers to stm32f4xx_it.o(i.NMI_Handler) for NMI_Handler
    startup_stm32f407xx.o(RESET) refers to stm32f4xx_it.o(i.HardFault_Handler) for HardFault_Handler
    startup_stm32f407xx.o(RESET) refers to stm32f4xx_it.o(i.MemManage_Handler) for MemManage_Handler
    startup_stm32f407xx.o(RESET) refers to stm32f4xx_it.o(i.BusFault_Handler) for BusFault_Handler
    startup_stm32f407xx.o(RESET) refers to stm32f4xx_it.o(i.UsageFault_Handler) for UsageFault_Handler
    startup_stm32f407xx.o(RESET) refers to stm32f4xx_it.o(i.SVC_Handler) for SVC_Handler
    startup_stm32f407xx.o(RESET) refers to stm32f4xx_it.o(i.DebugMon_Handler) for DebugMon_Handler
    startup_stm32f407xx.o(RESET) refers to stm32f4xx_it.o(i.PendSV_Handler) for PendSV_Handler
    startup_stm32f407xx.o(RESET) refers to stm32f4xx_it.o(i.SysTick_Handler) for SysTick_Handler
    startup_stm32f407xx.o(RESET) refers to stm32f4xx_it.o(i.ADC_IRQHandler) for ADC_IRQHandler
    startup_stm32f407xx.o(RESET) refers to stm32f4xx_it.o(i.USART1_IRQHandler) for USART1_IRQHandler
    startup_stm32f407xx.o(RESET) refers to stm32f4xx_it.o(i.USART2_IRQHandler) for USART2_IRQHandler
    startup_stm32f407xx.o(RESET) refers to stm32f4xx_it.o(i.TIM8_BRK_TIM12_IRQHandler) for TIM8_BRK_TIM12_IRQHandler
    startup_stm32f407xx.o(RESET) refers to stm32f4xx_it.o(i.UART5_IRQHandler) for UART5_IRQHandler
    startup_stm32f407xx.o(.text) refers (Special) to heapauxi.o(.text) for __use_two_region_memory
    startup_stm32f407xx.o(.text) refers to system_stm32f4xx.o(i.SystemInit) for SystemInit
    startup_stm32f407xx.o(.text) refers to __main.o(!!!main) for __main
    startup_stm32f407xx.o(.text) refers to startup_stm32f407xx.o(HEAP) for Heap_Mem
    startup_stm32f407xx.o(.text) refers to startup_stm32f407xx.o(STACK) for Stack_Mem
    main.o(i.HAL_Delay_us) refers to stm32f4xx_hal_rcc.o(i.HAL_RCC_GetHCLKFreq) for HAL_RCC_GetHCLKFreq
    main.o(i.HAL_Delay_us) refers to stm32f4xx_hal_cortex.o(i.HAL_SYSTICK_Config) for HAL_SYSTICK_Config
    main.o(i.HAL_Delay_us) refers to stm32f4xx_hal.o(i.HAL_Delay) for HAL_Delay
    main.o(i.SystemClock_Config) refers to rt_memclr_w.o(.text) for __aeabi_memclr4
    main.o(i.SystemClock_Config) refers to stm32f4xx_hal_rcc.o(i.HAL_RCC_OscConfig) for HAL_RCC_OscConfig
    main.o(i.SystemClock_Config) refers to stm32f4xx_hal_rcc.o(i.HAL_RCC_ClockConfig) for HAL_RCC_ClockConfig
    main.o(i.main) refers to stm32f4xx_hal.o(i.HAL_Init) for HAL_Init
    main.o(i.main) refers to main.o(i.SystemClock_Config) for SystemClock_Config
    main.o(i.main) refers to gpio.o(i.MX_GPIO_Init) for MX_GPIO_Init
    main.o(i.main) refers to usart.o(i.MX_USART1_UART_Init) for MX_USART1_UART_Init
    main.o(i.main) refers to adc.o(i.MX_ADC1_Init) for MX_ADC1_Init
    main.o(i.main) refers to tim.o(i.MX_TIM1_Init) for MX_TIM1_Init
    main.o(i.main) refers to tim.o(i.MX_TIM2_Init) for MX_TIM2_Init
    main.o(i.main) refers to tim.o(i.MX_TIM3_Init) for MX_TIM3_Init
    main.o(i.main) refers to tim.o(i.MX_TIM4_Init) for MX_TIM4_Init
    main.o(i.main) refers to tim.o(i.MX_TIM5_Init) for MX_TIM5_Init
    main.o(i.main) refers to tim.o(i.MX_TIM8_Init) for MX_TIM8_Init
    main.o(i.main) refers to tim.o(i.MX_TIM9_Init) for MX_TIM9_Init
    main.o(i.main) refers to tim.o(i.MX_TIM10_Init) for MX_TIM10_Init
    main.o(i.main) refers to tim.o(i.MX_TIM11_Init) for MX_TIM11_Init
    main.o(i.main) refers to usart.o(i.MX_UART5_Init) for MX_UART5_Init
    main.o(i.main) refers to usart.o(i.MX_USART2_UART_Init) for MX_USART2_UART_Init
    main.o(i.main) refers to tim.o(i.MX_TIM12_Init) for MX_TIM12_Init
    main.o(i.main) refers to oled.o(i.OLED_Init) for OLED_Init
    main.o(i.main) refers to delay.o(i.delay_init) for delay_init
    main.o(i.main) refers to robot_select_init.o(i.Robot_Select) for Robot_Select
    main.o(i.main) refers to stm32f4xx_hal_tim.o(i.HAL_TIM_Base_Start_IT) for HAL_TIM_Base_Start_IT
    main.o(i.main) refers to pstwo.o(i.PS2_Read) for PS2_Read
    main.o(i.main) refers to show.o(i.show_task) for show_task
    main.o(i.main) refers to stm32f4xx_hal_gpio.o(i.HAL_GPIO_WritePin) for HAL_GPIO_WritePin
    main.o(i.main) refers to led.o(i.Led_Flash) for Led_Flash
    main.o(i.main) refers to tim.o(.bss) for htim12
    gpio.o(i.MX_GPIO_Init) refers to rt_memclr_w.o(.text) for __aeabi_memclr4
[...]
    I2C1_ER_IRQHandler                       0x0800028b   Thumb Code     0  startup_stm32f407xx.o(.text)
    I2C1_EV_IRQHandler                       0x0800028b   Thumb Code     0  startup_stm32f407xx.o(.text)
    I2C2_ER_IRQHandler                       0x0800028b   Thumb Code     0  startup_stm32f407xx.o(.text)
    I2C2_EV_IRQHandler                       0x0800028b   Thumb Code     0  startup_stm32f407xx.o(.text)
    I2C3_ER_IRQHandler                       0x0800028b   Thumb Code     0  startup_stm32f407xx.o(.text)
    I2C3_EV_IRQHandler                       0x0800028b   Thumb Code     0  startup_stm32f407xx.o(.text)
    OTG_FS_IRQHandler                        0x0800028b   Thumb Code     0  startup_stm32f407xx.o(.text)
    OTG_FS_WKUP_IRQHandler                   0x0800028b   Thumb Code     0  startup_stm32f407xx.o(.text)
    OTG_HS_EP1_IN_IRQHandler                 0x0800028b   Thumb Code     0  startup_stm32f407xx.o(.text)
    OTG_HS_EP1_OUT_IRQHandler                0x0800028b   Thumb Code     0  startup_stm32f407xx.o(.text)
    OTG_HS_IRQHandler                        0x0800028b   Thumb Code     0  startup_stm32f407xx.o(.text)
    OTG_HS_WKUP_IRQHandler                   0x0800028b   Thumb Code     0  startup_stm32f407xx.o(.text)
    PVD_IRQHandler                           0x0800028b   Thumb Code     0  startup_stm32f407xx.o(.text)
    RCC_IRQHandler                           0x0800028b   Thumb Code     0  startup_stm32f407xx.o(.text)
    RTC_Alarm_IRQHandler                     0x0800028b   Thumb Code     0  startup_stm32f407xx.o(.text)
    RTC_WKUP_IRQHandler                      0x0800028b   Thumb Code     0  startup_stm32f407xx.o(.text)
    SDIO_IRQHandler                          0x0800028b   Thumb Code     0  startup_stm32f407xx.o(.text)
    SPI1_IRQHandler                          0x0800028b   Thumb Code     0  startup_stm32f407xx.o(.text)
    SPI2_IRQHandler                          0x0800028b   Thumb Code     0  startup_stm32f407xx.o(.text)
    SPI3_IRQHandler                          0x0800028b   Thumb Code     0  startup_stm32f407xx.o(.text)
    TAMP_STAMP_IRQHandler                    0x0800028b   Thumb Code     0  startup_stm32f407xx.o(.text)
    TIM1_BRK_TIM9_IRQHandler                 0x0800028b   Thumb Code     0  startup_stm32f407xx.o(.text)
    TIM1_CC_IRQHandler                       0x0800028b   Thumb Code     0  startup_stm32f407xx.o(.text)
    TIM1_TRG_COM_TIM11_IRQHandler            0x0800028b   Thumb Code     0  startup_stm32f407xx.o(.text)
    TIM1_UP_TIM10_IRQHandler                 0x0800028b   Thumb Code     0  startup_stm32f407xx.o(.text)
    TIM2_IRQHandler                          0x0800028b   Thumb Code     0  startup_stm32f407xx.o(.text)
    TIM3_IRQHandler                          0x0800028b   Thumb Code     0  startup_stm32f407xx.o(.text)
    TIM4_IRQHandler                          0x0800028b   Thumb Code     0  startup_stm32f407xx.o(.text)
    TIM5_IRQHandler                          0x0800028b   Thumb Code     0  startup_stm32f407xx.o(.text)
    TIM6_DAC_IRQHandler                      0x0800028b   Thumb Code     0  startup_stm32f407xx.o(.text)
    TIM7_IRQHandler                          0x0800028b   Thumb Code     0  startup_stm32f407xx.o(.text)
    TIM8_CC_IRQHandler                       0x0800028b   Thumb Code     0  startup_stm32f407xx.o(.text)
    TIM8_TRG_COM_TIM14_IRQHandler            0x0800028b   Thumb Code     0  startup_stm32f407xx.o(.text)
    TIM8_UP_TIM13_IRQHandler                 0x0800028b   Thumb Code     0  startup_stm32f407xx.o(.text)
    UART4_IRQHandler                         0x0800028b   Thumb Code     0  startup_stm32f407xx.o(.text)
    USART3_IRQHandler                        0x0800028b   Thumb Code     0  startup_stm32f407xx.o(.text)
    USART6_IRQHandler                        0x0800028b   Thumb Code     0  startup_stm32f407xx.o(.text)
    WWDG_IRQHandler                          0x0800028b   Thumb Code     0  startup_stm32f407xx.o(.text)
    __user_initial_stackheap                 0x0800028d   Thumb Code     0  startup_stm32f407xx.o(.text)
    __aeabi_uldivmod                         0x080002b1   Thumb Code     0  lludivv7m.o(.text)
    _ll_udiv                                 0x080002b1   Thumb Code   238  lludivv7m.o(.text)
    __2printf                                0x080003a1   Thumb Code    20  noretval__2printf.o(.text)
    __printf                                 0x080003b9   Thumb Code   104  __printf.o(.text)
    _printf_int_dec                          0x08000421   Thumb Code   104  _printf_dec.o(.text)
    __aeabi_memclr                           0x08000499   Thumb Code     0  rt_memclr.o(.text)
    __rt_memclr                              0x08000499   Thumb Code    68  rt_memclr.o(.text)
    _memset                                  0x0800049d   Thumb Code     0  rt_memclr.o(.text)
    __aeabi_memclr4                          0x080004dd   Thumb Code     0  rt_memclr_w.o(.text)
    __aeabi_memclr8                          0x080004dd   Thumb Code     0  rt_memclr_w.o(.text)
    __rt_memclr_w                            0x080004dd   Thumb Code    78  rt_memclr_w.o(.text)
    _memset_w                                0x080004e1   Thumb Code     0  rt_memclr_w.o(.text)
    __use_two_region_memory                  0x0800052b   Thumb Code     2  heapauxi.o(.text)
    __rt_heap_escrow$2region                 0x0800052d   Thumb Code     2  heapauxi.o(.text)
    __rt_heap_expand$2region                 0x0800052f   Thumb Code     2  heapauxi.o(.text)
    __read_errno                             0x08000531   Thumb Code    10  _rserrno.o(.text)
    __set_errno                              0x0800053b   Thumb Code    12  _rserrno.o(.text)
    _printf_int_common                       0x08000547   Thumb Code   178  _printf_intcommon.o(.text)
    _printf_char_file                        0x080005f9   Thumb Code    32  _printf_char_file.o(.text)
    __aeabi_errno_addr                       0x0800061d   Thumb Code     8  rt_errno_addr_intlibspace.o(.text)
    __errno$intlibspace                      0x0800061d   Thumb Code     0  rt_errno_addr_intlibspace.o(.text)
    __rt_errno_addr$intlibspace              0x0800061d   Thumb Code     0  rt_errno_addr_intlibspace.o(.text)
    _printf_char_common                      0x0800062f   Thumb Code    32  _printf_char_common.o(.text)
    ferror                                   0x08000655   Thumb Code     8  ferror.o(.text)
    __user_libspace                          0x0800065d   Thumb Code     8  libspace.o(.text)
    __user_perproc_libspace                  0x0800065d   Thumb Code     0  libspace.o(.text)
    __user_perthread_libspace                0x0800065d   Thumb Code     0  libspace.o(.text)
    __user_setup_stackheap                   0x08000665   Thumb Code    74  sys_stackheap_outer.o(.text)
    exit                                     0x080006af   Thumb Code    18  exit.o(.text)
    ADC_IRQHandler                           0x080006c1   Thumb Code     6  stm32f4xx_it.o(i.ADC_IRQHandler)
    APP_Show                                 0x080007f5   Thumb Code   544  show.o(i.APP_Show)
    Along_Adjust_PID                         0x08000af5   Thumb Code   348  lidar.o(i.Along_Adjust_PID)
    BusFault_Handler                         0x08000c7d   Thumb Code     2  stm32f4xx_it.o(i.BusFault_Handler)
    Buzzer_Alarm                             0x08000c81   Thumb Code    28  led.o(i.Buzzer_Alarm)
    CCD_ADC_Mode_Config                      0x08000ca1   Thumb Code    94  adc.o(i.CCD_ADC_Mode_Config)
    CCD_GPIO_Config                          0x08000d0d   Thumb Code   104  adc.o(i.CCD_GPIO_Config)
    CCD_Init                                 0x08000d81   Thumb Code    14  adc.o(i.CCD_Init)
    DebugMon_Handler                         0x08000d8f   Thumb Code     2  stm32f4xx_it.o(i.DebugMon_Handler)
    Detect_Barrier                           0x08000d91   Thumb Code    76  balance.o(i.Detect_Barrier)
    Distance_Adjust_PID                      0x08000de9   Thumb Code   162  lidar.o(i.Distance_Adjust_PID)
    Dly_us                                   0x08000ead   Thumb Code    10  adc.o(i.Dly_us)
    Drive_Motor                              0x08000eb9   Thumb Code  1238  balance.o(i.Drive_Motor)
    ELE_ADC_Init                             0x0800138f   Thumb Code     4  adc.o(i.ELE_ADC_Init)
    ELE_GPIO_Config                          0x08001395   Thumb Code   102  adc.o(i.ELE_GPIO_Config)
    Error_Handler                            0x08001409   Thumb Code     4  main.o(i.Error_Handler)
    Find_CCD_Median                          0x0800140d   Thumb Code   236  adc.o(i.Find_CCD_Median)
    Follow_Turn_PID                          0x08001501   Thumb Code   216  lidar.o(i.Follow_Turn_PID)
    Get_Adc                                  0x080015fd   Thumb Code    58  adc.o(i.Get_Adc)
    Get_RC                                   0x0800163d   Thumb Code   398  balance.o(i.Get_RC)
    Get_RC_CCD                               0x08001801   Thumb Code   312  balance.o(i.Get_RC_CCD)
    Get_RC_ELE                               0x08001989   Thumb Code   422  balance.o(i.Get_RC_ELE)
    Get_Velocity_Form_Encoder                0x08001b91   Thumb Code   256  balance.o(i.Get_Velocity_Form_Encoder)
    Get_adc_Average                          0x08001cb5   Thumb Code    46  adc.o(i.Get_adc_Average)
    Get_battery_volt                         0x08001ce5   Thumb Code    74  adc.o(i.Get_battery_volt)
    HAL_ADCEx_InjectedConvCpltCallback       0x08001d51   Thumb Code     2  stm32f4xx_hal_adc_ex.o(i.HAL_ADCEx_InjectedConvCpltCallback)
    HAL_ADC_ConfigChannel                    0x08001d55   Thumb Code   316  stm32f4xx_hal_adc.o(i.HAL_ADC_ConfigChannel)
    HAL_ADC_ConvCpltCallback                 0x08001ea1   Thumb Code     2  stm32f4xx_hal_adc.o(i.HAL_ADC_ConvCpltCallback)
    HAL_ADC_ErrorCallback                    0x08001ea3   Thumb Code     2  stm32f4xx_hal_adc.o(i.HAL_ADC_ErrorCallback)
    HAL_ADC_GetState                         0x08001ea5   Thumb Code     4  stm32f4xx_hal_adc.o(i.HAL_ADC_GetState)
    HAL_ADC_GetValue                         0x08001ea9   Thumb Code     6  stm32f4xx_hal_adc.o(i.HAL_ADC_GetValue)
    HAL_ADC_IRQHandler                       0x08001eaf   Thumb Code   302  stm32f4xx_hal_adc.o(i.HAL_ADC_IRQHandler)
    HAL_ADC_Init                             0x08001fdd   Thumb Code    84  stm32f4xx_hal_adc.o(i.HAL_ADC_Init)
    HAL_ADC_LevelOutOfWindowCallback         0x08002031   Thumb Code     2  stm32f4xx_hal_adc.o(i.HAL_ADC_LevelOutOfWindowCallback)
    HAL_ADC_MspInit                          0x08002035   Thumb Code    82  adc.o(i.HAL_ADC_MspInit)
    HAL_ADC_PollForConversion                0x08002095   Thumb Code   170  stm32f4xx_hal_adc.o(i.HAL_ADC_PollForConversion)
    HAL_ADC_Start                            0x08002141   Thumb Code   228  stm32f4xx_hal_adc.o(i.HAL_ADC_Start)
    HAL_DMA_Abort                            0x0800223d   Thumb Code   146  stm32f4xx_hal_dma.o(i.HAL_DMA_Abort)
    HAL_DMA_Abort_IT                         0x080022cf   Thumb Code    36  stm32f4xx_hal_dma.o(i.HAL_DMA_Abort_IT)
    HAL_GPIO_Init                            0x080022f5   Thumb Code   450  stm32f4xx_hal_gpio.o(i.HAL_GPIO_Init)
    HAL_GPIO_ReadPin                         0x080024e5   Thumb Code    10  stm32f4xx_hal_gpio.o(i.HAL_GPIO_ReadPin)
    HAL_GPIO_WritePin                        0x080024ef   Thumb Code    10  stm32f4xx_hal_gpio.o(i.HAL_GPIO_WritePin)
    HAL_GetTick                              0x080024f9   Thumb Code     6  stm32f4xx_hal.o(i.HAL_GetTick)
    HAL_IncTick                              0x08002505   Thumb Code    12  stm32f4xx_hal.o(i.HAL_IncTick)
    HAL_Init                                 0x08002515   Thumb Code    48  stm32f4xx_hal.o(i.HAL_Init)
    HAL_InitTick                             0x08002549   Thumb Code    54  stm32f4xx_hal.o(i.HAL_InitTick)
    HAL_MspInit                              0x08002589   Thumb Code    42  stm32f4xx_hal_msp.o(i.HAL_MspInit)
    HAL_NVIC_EnableIRQ                       0x080025b9   Thumb Code    26  stm32f4xx_hal_cortex.o(i.HAL_NVIC_EnableIRQ)
    HAL_NVIC_SetPriority                     0x080025d5   Thumb Code    60  stm32f4xx_hal_cortex.o(i.HAL_NVIC_SetPriority)
    HAL_NVIC_SetPriorityGrouping             0x08002615   Thumb Code    26  stm32f4xx_hal_cortex.o(i.HAL_NVIC_SetPriorityGrouping)
    HAL_RCC_ClockConfig                      0x08002639   Thumb Code   288  stm32f4xx_hal_rcc.o(i.HAL_RCC_ClockConfig)
    HAL_RCC_GetPCLK1Freq                     0x0800276d   Thumb Code    20  stm32f4xx_hal_rcc.o(i.HAL_RCC_GetPCLK1Freq)
    HAL_RCC_GetPCLK2Freq                     0x0800278d   Thumb Code    20  stm32f4xx_hal_rcc.o(i.HAL_RCC_GetPCLK2Freq)
    HAL_RCC_GetSysClockFreq                  0x080027ad   Thumb Code    88  stm32f4xx_hal_rcc.o(i.HAL_RCC_GetSysClockFreq)
    HAL_RCC_OscConfig                        0x08002811   Thumb Code   856  stm32f4xx_hal_rcc.o(i.HAL_RCC_OscConfig)
    HAL_SYSTICK_Config                       0x08002b7d   Thumb Code    40  stm32f4xx_hal_cortex.o(i.HAL_SYSTICK_Config)
    HAL_TIMEx_BreakCallback                  0x08002ba5   Thumb Code     2  stm32f4xx_hal_tim_ex.o(i.HAL_TIMEx_BreakCallback)
    HAL_TIMEx_CommutCallback                 0x08002ba7   Thumb Code     2  stm32f4xx_hal_tim_ex.o(i.HAL_TIMEx_CommutCallback)
    HAL_TIMEx_ConfigBreakDeadTime            0x08002ba9   Thumb Code    84  stm32f4xx_hal_tim_ex.o(i.HAL_TIMEx_ConfigBreakDeadTime)
    HAL_TIMEx_MasterConfigSynchronization    0x08002bfd   Thumb Code   116  stm32f4xx_hal_tim_ex.o(i.HAL_TIMEx_MasterConfigSynchronization)
    HAL_TIM_Base_Init                        0x08002c8d   Thumb Code    90  stm32f4xx_hal_tim.o(i.HAL_TIM_Base_Init)
    HAL_TIM_Base_MspInit                     0x08002ce9   Thumb Code   164  tim.o(i.HAL_TIM_Base_MspInit)
    HAL_TIM_Base_Start_IT                    0x08002da9   Thumb Code   100  stm32f4xx_hal_tim.o(i.HAL_TIM_Base_Start_IT)
    HAL_TIM_ConfigClockSource                0x08002e29   Thumb Code   220  stm32f4xx_hal_tim.o(i.HAL_TIM_ConfigClockSource)
    HAL_TIM_Encoder_Init                     0x08002f05   Thumb Code   164  stm32f4xx_hal_tim.o(i.HAL_TIM_Encoder_Init)
    HAL_TIM_Encoder_MspInit                  0x08002fa9   Thumb Code   292  tim.o(i.HAL_TIM_Encoder_MspInit)
    HAL_TIM_Encoder_Start                    0x080030e5   Thumb Code   142  stm32f4xx_hal_tim.o(i.HAL_TIM_Encoder_Start)
    HAL_TIM_IC_CaptureCallback               0x08003173   Thumb Code     2  stm32f4xx_hal_tim.o(i.HAL_TIM_IC_CaptureCallback)
    HAL_TIM_IRQHandler                       0x08003175   Thumb Code   358  stm32f4xx_hal_tim.o(i.HAL_TIM_IRQHandler)
    HAL_TIM_MspPostInit                      0x080032dd   Thumb Code   236  tim.o(i.HAL_TIM_MspPostInit)
    HAL_TIM_OC_DelayElapsedCallback          0x080033ed   Thumb Code     2  stm32f4xx_hal_tim.o(i.HAL_TIM_OC_DelayElapsedCallback)
    HAL_TIM_PWM_ConfigChannel                0x080033ef   Thumb Code   204  stm32f4xx_hal_tim.o(i.HAL_TIM_PWM_ConfigChannel)
    HAL_TIM_PWM_Init                         0x080034bb   Thumb Code    90  stm32f4xx_hal_tim.o(i.HAL_TIM_PWM_Init)
    HAL_TIM_PWM_MspInit                      0x08003515   Thumb Code     2  stm32f4xx_hal_tim.o(i.HAL_TIM_PWM_MspInit)
    HAL_TIM_PWM_PulseFinishedCallback        0x08003517   Thumb Code     2  stm32f4xx_hal_tim.o(i.HAL_TIM_PWM_PulseFinishedCallback)
    HAL_TIM_PWM_Start                        0x08003519   Thumb Code   172  stm32f4xx_hal_tim.o(i.HAL_TIM_PWM_Start)
    HAL_TIM_PeriodElapsedCallback            0x080035e1   Thumb Code   622  balance.o(i.HAL_TIM_PeriodElapsedCallback)
    HAL_TIM_TriggerCallback                  0x0800388d   Thumb Code     2  stm32f4xx_hal_tim.o(i.HAL_TIM_TriggerCallback)
    HAL_UARTEx_RxEventCallback               0x0800388f   Thumb Code     2  stm32f4xx_hal_uart.o(i.HAL_UARTEx_RxEventCallback)
    HAL_UART_ErrorCallback                   0x08003891   Thumb Code     2  stm32f4xx_hal_uart.o(i.HAL_UART_ErrorCallback)
    HAL_UART_IRQHandler                      0x08003895   Thumb Code   610  stm32f4xx_hal_uart.o(i.HAL_UART_IRQHandler)
    HAL_UART_Init                            0x08003afd   Thumb Code    98  stm32f4xx_hal_uart.o(i.HAL_UART_Init)
    HAL_UART_MspInit                         0x08003b61   Thumb Code   296  usart.o(i.HAL_UART_MspInit)
    HAL_UART_Receive_IT                      0x08003ca5   Thumb Code    42  stm32f4xx_hal_uart.o(i.HAL_UART_Receive_IT)
    HAL_UART_RxCpltCallback                  0x08003cd1   Thumb Code  1160  usartx.o(i.HAL_UART_RxCpltCallback)
    HAL_UART_TxCpltCallback                  0x08004159   Thumb Code     2  stm32f4xx_hal_uart.o(i.HAL_UART_TxCpltCallback)
    HardFault_Handler                        0x0800415b   Thumb Code     2  stm32f4xx_it.o(i.HardFault_Handler)
    Incremental_PI_A                         0x0800415d   Thumb Code    96  balance.o(i.Incremental_PI_A)
    Incremental_PI_B                         0x080041d9   Thumb Code    96  balance.o(i.Incremental_PI_B)
    Incremental_PI_C                         0x08004255   Thumb Code    96  balance.o(i.Incremental_PI_C)
    Incremental_PI_D                         0x080042d1   Thumb Code    96  balance.o(i.Incremental_PI_D)
    Led_Flash                                0x0800434d   Thumb Code    40  led.o(i.Led_Flash)
    Lidar_Avoid                              0x0800437d   Thumb Code   266  balance.o(i.Lidar_Avoid)
    Lidar_Follow                             0x080044bd   Thumb Code   388  balance.o(i.Lidar_Follow)
    Lidar_along_wall                         0x08004691   Thumb Code   208  balance.o(i.Lidar_along_wall)
    Limit_Pwm                                0x08004789   Thumb Code   126  balance.o(i.Limit_Pwm)
    MX_ADC1_Init                             0x08004819   Thumb Code    92  adc.o(i.MX_ADC1_Init)
    MX_GPIO_Init                             0x08004881   Thumb Code   278  gpio.o(i.MX_GPIO_Init)
    MX_TIM10_Init                            0x080049a9   Thumb Code   102  tim.o(i.MX_TIM10_Init)
    MX_TIM11_Init                            0x08004a19   Thumb Code   102  tim.o(i.MX_TIM11_Init)
    MX_TIM12_Init                            0x08004a89   Thumb Code    70  tim.o(i.MX_TIM12_Init)
    MX_TIM1_Init                             0x08004ad9   Thumb Code   272  tim.o(i.MX_TIM1_Init)
    MX_TIM2_Init                             0x08004bf1   Thumb Code   114  tim.o(i.MX_TIM2_Init)
    MX_TIM3_Init                             0x08004c69   Thumb Code   112  tim.o(i.MX_TIM3_Init)
    MX_TIM4_Init                             0x08004ce1   Thumb Code   112  tim.o(i.MX_TIM4_Init)
    MX_TIM5_Init                             0x08004d59   Thumb Code   112  tim.o(i.MX_TIM5_Init)
    MX_TIM8_Init                             0x08004dd1   Thumb Code   210  tim.o(i.MX_TIM8_Init)
    MX_TIM9_Init                             0x08004ead   Thumb Code   154  tim.o(i.MX_TIM9_Init)
    MX_UART5_Init                            0x08004f51   Thumb Code    54  usart.o(i.MX_UART5_Init)
    MX_USART1_UART_Init                      0x08004f95   Thumb Code    54  usart.o(i.MX_USART1_UART_Init)
    MX_USART2_UART_Init                      0x08004fd9   Thumb Code    54  usart.o(i.MX_USART2_UART_Init)
    MemManage_Handler                        0x0800501d   Thumb Code     2  stm32f4xx_it.o(i.MemManage_Handler)
    NMI_Handler                              0x0800501f   Thumb Code     2  stm32f4xx_it.o(i.NMI_Handler)
    OLED_Clear                               0x08005021   Thumb Code    40  oled.o(i.OLED_Clear)
    OLED_DrawPoint                           0x0800504d   Thumb Code    54  oled.o(i.OLED_DrawPoint)
    OLED_DrawPoint_Shu                       0x08005089   Thumb Code    50  show.o(i.OLED_DrawPoint_Shu)
    OLED_Init                                0x080050bd   Thumb Code   224  oled.o(i.OLED_Init)
    OLED_Refresh_Gram                        0x080051a1   Thumb Code    70  oled.o(i.OLED_Refresh_Gram)
    OLED_ShowChar                            0x080051ed   Thumb Code   134  oled.o(i.OLED_ShowChar)
    OLED_ShowNumber                          0x0800527d   Thumb Code   120  oled.o(i.OLED_ShowNumber)
    OLED_ShowString                          0x080052f5   Thumb Code    62  oled.o(i.OLED_ShowString)
    OLED_Show_CCD                            0x08005335   Thumb Code    42  show.o(i.OLED_Show_CCD)
    OLED_WR_Byte                             0x08005369   Thumb Code    64  oled.o(i.OLED_WR_Byte)
    PS2_ClearData                            0x080053ad   Thumb Code    18  pstwo.o(i.PS2_ClearData)
    PS2_Cmd                                  0x080053c5   Thumb Code   138  pstwo.o(i.PS2_Cmd)
    PS2_Control                              0x08005459   Thumb Code   434  balance.o(i.PS2_Control)
    PS2_DataKey                              0x08005669   Thumb Code    56  pstwo.o(i.PS2_DataKey)
    PS2_Read                                 0x080056a9   Thumb Code   112  pstwo.o(i.PS2_Read)
    PS2_ReadData                             0x08005755   Thumb Code   164  pstwo.o(i.PS2_ReadData)
    PendSV_Handler                           0x08005805   Thumb Code     2  stm32f4xx_it.o(i.PendSV_Handler)
    RD_TSL                                   0x08005809   Thumb Code   116  adc.o(i.RD_TSL)
    Read_Encoder                             0x08005889   Thumb Code    52  encoder.o(i.Read_Encoder)
    Robot_Init                               0x080058c9   Thumb Code   124  robot_select_init.o(i.Robot_Init)
    Robot_Select                             0x08005961   Thumb Code   202  robot_select_init.o(i.Robot_Select)
    SVC_Handler                              0x08005a89   Thumb Code     2  stm32f4xx_it.o(i.SVC_Handler)
    Set_Pwm                                  0x08005a8d   Thumb Code    94  balance.o(i.Set_Pwm)
    Smooth_control                           0x08005b01   Thumb Code   300  balance.o(i.Smooth_control)
    SysTick_Handler                          0x08005c39   Thumb Code     4  stm32f4xx_it.o(i.SysTick_Handler)
    SystemClock_Config                       0x08005c3d   Thumb Code   140  main.o(i.SystemClock_Config)
    SystemInit                               0x08005cd1   Thumb Code    12  system_stm32f4xx.o(i.SystemInit)
    TIM8_BRK_TIM12_IRQHandler                0x08005ce1   Thumb Code    18  stm32f4xx_it.o(i.TIM8_BRK_TIM12_IRQHandler)
    TIM_Base_SetConfig                       0x08005cfd   Thumb Code   156  stm32f4xx_hal_tim.o(i.TIM_Base_SetConfig)
    TIM_CCxChannelCmd                        0x08005dc5   Thumb Code    26  stm32f4xx_hal_tim.o(i.TIM_CCxChannelCmd)
    TIM_ETR_SetConfig                        0x08005ddf   Thumb Code    20  stm32f4xx_hal_tim.o(i.TIM_ETR_SetConfig)
    TIM_OC2_SetConfig                        0x08005e65   Thumb Code    98  stm32f4xx_hal_tim.o(i.TIM_OC2_SetConfig)
    Turn_Off                                 0x08005fd1   Thumb Code    28  balance.o(i.Turn_Off)
    UART5_IRQHandler                         0x08005ff5   Thumb Code     6  stm32f4xx_it.o(i.UART5_IRQHandler)
    UART_Start_Receive_IT                    0x0800622d   Thumb Code    58  stm32f4xx_hal_uart.o(i.UART_Start_Receive_IT)
    USART1_IRQHandler                        0x08006269   Thumb Code     6  stm32f4xx_it.o(i.USART1_IRQHandler)
    USART2_IRQHandler                        0x08006275   Thumb Code     6  stm32f4xx_it.o(i.USART2_IRQHandler)
    UsageFault_Handler                       0x08006281   Thumb Code     2  stm32f4xx_it.o(i.UsageFault_Handler)
    User_Key_Scan                            0x08006285   Thumb Code   168  key.o(i.User_Key_Scan)
    __ARM_fpclassify                         0x08006335   Thumb Code    48  fpclassify.o(i.__ARM_fpclassify)
    __hardfp_pow                             0x08006389   Thumb Code  3072  pow.o(i.__hardfp_pow)
    __hardfp_sqrt                            0x08006fd9   Thumb Code   122  sqrt.o(i.__hardfp_sqrt)
    __hardfp_tan                             0x08007059   Thumb Code   108  tan.o(i.__hardfp_tan)
    __ieee754_rem_pio2                       0x080070d9   Thumb Code   938  rred.o(i.__ieee754_rem_pio2)
    __kernel_poly                            0x08007511   Thumb Code   248  poly.o(i.__kernel_poly)
    __kernel_tan                             0x08007609   Thumb Code   764  tan_i.o(i.__kernel_tan)
    __mathlib_dbl_divzero                    0x08007959   Thumb Code    28  dunder.o(i.__mathlib_dbl_divzero)
    __mathlib_dbl_infnan                     0x08007989   Thumb Code    20  dunder.o(i.__mathlib_dbl_infnan)
    __mathlib_dbl_infnan2                    0x0800799d   Thumb Code    20  dunder.o(i.__mathlib_dbl_infnan2)
    __mathlib_dbl_invalid                    0x080079b1   Thumb Code    24  dunder.o(i.__mathlib_dbl_invalid)
    __mathlib_dbl_overflow                   0x080079d1   Thumb Code    24  dunder.o(i.__mathlib_dbl_overflow)
    __mathlib_dbl_underflow                  0x080079f1   Thumb Code    24  dunder.o(i.__mathlib_dbl_underflow)
    _sys_exit                                0x08007a11   Thumb Code     2  usart.o(i._sys_exit)
    data_process                             0x08007a15   Thumb Code   256  lidar.o(i.data_process)
    delay1_ms                                0x08007b31   Thumb Code    22  balance.o(i.delay1_ms)
    delay_init                               0x08007b49   Thumb Code    26  delay.o(i.delay_init)
    delay_ms                                 0x08007b69   Thumb Code    46  delay.o(i.delay_ms)
    delay_us                                 0x08007b9d   Thumb Code    46  delay.o(i.delay_us)
    fabs                                     0x08007bd1   Thumb Code    24  fabs.o(i.fabs)
    float_abs                                0x08007be9   Thumb Code    16  balance.o(i.float_abs)
    fputc                                    0x08007bf9   Thumb Code    36  usart.o(i.fputc)
    main                                     0x08007c29   Thumb Code   130  main.o(i.main)
    myabs                                    0x08007cb5   Thumb Code     8  balance.o(i.myabs)
    oled_pow                                 0x08007cbd   Thumb Code    16  oled.o(i.oled_pow)
    oled_show                                0x08007ccd   Thumb Code  2766  show.o(i.oled_show)
    show_task                                0x080087e5   Thumb Code   232  show.o(i.show_task)
    sqrt                                     0x080088f1   Thumb Code   110  sqrt.o(i.sqrt)
    target_limit_float                       0x0800895f   Thumb Code    32  balance.o(i.target_limit_float)
    target_limit_int                         0x0800897f   Thumb Code    16  balance.o(i.target_limit_int)
    __aeabi_dneg                             0x0800898f   Thumb Code     0  basic.o(x$fpl$basic)
    _dneg                                    0x0800898f   Thumb Code     6  basic.o(x$fpl$basic)
    __aeabi_fneg                             0x08008995   Thumb Code     0  basic.o(x$fpl$basic)
    _fneg                                    0x08008995   Thumb Code     6  basic.o(x$fpl$basic)
    _dabs                                    0x0800899b   Thumb Code     6  basic.o(x$fpl$basic)
    _fabs                                    0x080089a1   Thumb Code     6  basic.o(x$fpl$basic)
    __aeabi_d2f                              0x080089a9   Thumb Code     0  d2f.o(x$fpl$d2f)
    _d2f                                     0x080089a9   Thumb Code    98  d2f.o(x$fpl$d2f)
    __aeabi_dadd                             0x08008a0d   Thumb Code     0  daddsub_clz.o(x$fpl$dadd)
    _dadd                                    0x08008a0d   Thumb Code   332  daddsub_clz.o(x$fpl$dadd)
    __fpl_dcheck_NaN1                        0x08008b5d   Thumb Code    10  dcheck1.o(x$fpl$dcheck1)
    __fpl_dcmp_Inf                           0x08008b6d   Thumb Code    24  dcmpi.o(x$fpl$dcmpinf)
    __aeabi_ddiv                             0x08008b85   Thumb Code     0  ddiv.o(x$fpl$ddiv)
    _ddiv                                    0x08008b85   Thumb Code   552  ddiv.o(x$fpl$ddiv)
    __aeabi_d2iz                             0x08008e35   Thumb Code     0  dfix.o(x$fpl$dfix)
    _dfix                                    0x08008e35   Thumb Code    94  dfix.o(x$fpl$dfix)
    __aeabi_i2d                              0x08008e93   Thumb Code     0  dflt_clz.o(x$fpl$dflt)
    _dflt                                    0x08008e93   Thumb Code    46  dflt_clz.o(x$fpl$dflt)
    __aeabi_ui2d                             0x08008ec1   Thumb Code     0  dflt_clz.o(x$fpl$dfltu)
    _dfltu                                   0x08008ec1   Thumb Code    38  dflt_clz.o(x$fpl$dfltu)
    __aeabi_cdcmple                          0x08008ee9   Thumb Code     0  dleqf.o(x$fpl$dleqf)
    _dcmple                                  0x08008ee9   Thumb Code   120  dleqf.o(x$fpl$dleqf)
    __fpl_dcmple_InfNaN                      0x08008f4b   Thumb Code     0  dleqf.o(x$fpl$dleqf)
    __aeabi_dmul                             0x08008f61   Thumb Code     0  dmul.o(x$fpl$dmul)
    _dmul                                    0x08008f61   Thumb Code   332  dmul.o(x$fpl$dmul)
    __fpl_dnaninf                            0x080090b5   Thumb Code   156  dnaninf.o(x$fpl$dnaninf)
    __fpl_dretinf                            0x08009151   Thumb Code    12  dretinf.o(x$fpl$dretinf)
    __aeabi_cdrcmple                         0x0800915d   Thumb Code     0  drleqf.o(x$fpl$drleqf)
    _drcmple                                 0x0800915d   Thumb Code   108  drleqf.o(x$fpl$drleqf)
    __aeabi_drsub                            0x080091c9   Thumb Code     0  daddsub_clz.o(x$fpl$drsb)
    _drsb                                    0x080091c9   Thumb Code    22  daddsub_clz.o(x$fpl$drsb)
    _dsqrt                                   0x080091e1   Thumb Code   404  dsqrt_umaal.o(x$fpl$dsqrt)
    __aeabi_dsub                             0x08009379   Thumb Code     0  daddsub_clz.o(x$fpl$dsub)
    _dsub                                    0x08009379   Thumb Code   464  daddsub_clz.o(x$fpl$dsub)
    __aeabi_f2d                              0x0800954d   Thumb Code     0  f2d.o(x$fpl$f2d)
    _f2d                                     0x0800954d   Thumb Code    86  f2d.o(x$fpl$f2d)
    __fpl_fnaninf                            0x080095a3   Thumb Code   140  fnaninf.o(x$fpl$fnaninf)
    _fp_init                                 0x0800962f   Thumb Code    10  fpinit.o(x$fpl$fpinit)
    __fplib_config_fpu_vfp                   0x08009637   Thumb Code     0  fpinit.o(x$fpl$fpinit)
    __fplib_config_pureend_doubles           0x08009637   Thumb Code     0  fpinit.o(x$fpl$fpinit)
    __fpl_fretinf                            0x08009639   Thumb Code    10  fretinf.o(x$fpl$fretinf)
    __fpl_return_NaN                         0x08009643   Thumb Code   100  retnan.o(x$fpl$retnan)
    __ARM_scalbn                             0x080096a7   Thumb Code    92  scalbn.o(x$fpl$scalbn)
    __fpl_cmpreturn                          0x08009703   Thumb Code    48  trapv.o(x$fpl$trapveneer)
    AHBPrescTable                            0x08009732   Data          16  system_stm32f4xx.o(.constdata)
    __I$use$fp                               0x08009732   Number         0  usenofp.o(x$fpl$usenofp)
    APBPrescTable                            0x08009742   Data           8  system_stm32f4xx.o(.constdata)
    oled_asc2_1206                           0x0800974a   Data        1140  oled.o(.constdata)
    oled_asc2_1608                           0x08009bbe   Data        1520  oled.o(.constdata)
    Hzk16                                    0x0800a1ae   Data        2624  oled.o(.constdata)
    __mathlib_zero                           0x0800ac78   Data           8  qnan.o(.constdata)
    Region$$Table$$Base                      0x0800ada8   Number         0  anon$$obj.o(Region$$Table)
    Region$$Table$$Limit                     0x0800adc8   Number         0  anon$$obj.o(Region$$Table)
    CCD_Median                               0x2000000e   Data           2  adc.o(.data)
    CCD_Threshold                            0x20000010   Data           2  adc.o(.data)
    Voltage                                  0x20000014   Data           4  adc.o(.data)
    Voltage_All                              0x20000018   Data           4  adc.o(.data)
    Sensor_Left                              0x2000001c   Data           4  adc.o(.data)
    Sensor_Middle                            0x20000020   Data           4  adc.o(.data)
    Sensor_Right                             0x20000024   Data           4  adc.o(.data)
    Sensor                                   0x20000028   Data           4  adc.o(.data)
    sum                                      0x2000002c   Data           4  adc.o(.data)
    Flag_Show                                0x20000030   Data           1  usart.o(.data)
    __stdout                                 0x20000034   Data           4  usart.o(.data)
    uwTickFreq                               0x20000038   Data           1  stm32f4xx_hal.o(.data)
    uwTickPrio                               0x2000003c   Data           4  stm32f4xx_hal.o(.data)
    uwTick                                   0x20000040   Data           4  stm32f4xx_hal.o(.data)
    SystemCoreClock                          0x20000044   Data           4  system_stm32f4xx.o(.data)
    Lidar_Detect                             0x2000004c   Data           1  balance.o(.data)
    Mode                                     0x20000050   Data           1  balance.o(.data)
    Time_count                               0x20000054   Data           4  balance.o(.data)
    RC_Velocity_CCD                          0x20000058   Data           4  balance.o(.data)
    RC_Velocity_ELE                          0x2000005c   Data           4  balance.o(.data)
    PS2_Velocity                             0x200000b8   Data           4  balance.o(.data)
    PS2_Turn_Velocity                        0x200000bc   Data           4  balance.o(.data)
    Buzzer_count                             0x200000c4   Data           4  show.o(.data)
    Voltage_Show                             0x200000d4   Data           4  show.o(.data)
    Flag_Stop                                0x200000d8   Data           1  system.o(.data)
    Car_Mode                                 0x200000d9   Data           1  system.o(.data)
    RC_Velocity                              0x200000dc   Data           4  system.o(.data)
    Tank_Car_CCD_KP                          0x200000e0   Data           4  system.o(.data)
    Tank_Car_CCD_KI                          0x200000e4   Data           4  system.o(.data)
    Tank_Car_ELE_KP                          0x200000e8   Data           4  system.o(.data)
    Tank_Car_ELE_KI                          0x200000ec   Data           4  system.o(.data)
    Omni_Car_CCD_KP                          0x200000f0   Data           4  system.o(.data)
    Omni_Car_CCD_KI                          0x200000f4   Data           4  system.o(.data)
    Omni_Car_ELE_KP                          0x200000f8   Data           4  system.o(.data)
    Omni_Car_ELE_KI                          0x200000fc   Data           4  system.o(.data)
    CCD_KP                                   0x20000100   Data           4  system.o(.data)
    CCD_KI                                   0x20000104   Data           4  system.o(.data)
    ELE_KP                                   0x20000108   Data           4  system.o(.data)
    ELE_KI                                   0x2000010c   Data           4  system.o(.data)
    Velocity_KP                              0x20000110   Data           4  system.o(.data)
    Velocity_KI                              0x20000114   Data           4  system.o(.data)
    APP_ON_Flag                              0x20000118   Data           1  system.o(.data)
    PS2_ON_Flag                              0x20000119   Data           1  system.o(.data)
    Flag_Direction                           0x2000011a   Data           1  system.o(.data)
    Divisor_Mode                             0x2000011c   Data           4  system.o(.data)
    Servo                                    0x20000120   Data           4  system.o(.data)
    PS2_LX                                   0x20000124   Data           4  system.o(.data)
    PS2_LY                                   0x20000128   Data           4  system.o(.data)
    PS2_RX                                   0x2000012c   Data           4  system.o(.data)
    PS2_RY                                   0x20000130   Data           4  system.o(.data)
    PS2_KEY                                  0x20000134   Data           4  system.o(.data)
    Move_X                                   0x20000138   Data           4  system.o(.data)
    Move_Y                                   0x2000013c   Data           4  system.o(.data)
    Move_Z                                   0x20000140   Data           4  system.o(.data)
    Encoder_precision                        0x20000144   Data           4  system.o(.data)
    Wheel_perimeter                          0x20000148   Data           4  system.o(.data)
    Wheel_spacing                            0x2000014c   Data           4  system.o(.data)
    Axle_spacing                             0x20000150   Data           4  system.o(.data)
    Omni_turn_radiaus                        0x20000154   Data           4  system.o(.data)
    Flag_Left                                0x20000158   Data           1  system.o(.data)
    Flag_Right                               0x20000159   Data           1  system.o(.data)
    Turn_Flag                                0x2000015a   Data           1  system.o(.data)
    PID_Send                                 0x2000015b   Data           1  system.o(.data)
    Diff_Along_Distance_KP                   0x20000174   Data           4  lidar.o(.data)
    Diff_Along_Distance_KD                   0x20000178   Data           4  lidar.o(.data)
    Diff_Along_Distance_KI                   0x2000017c   Data           4  lidar.o(.data)
    Akm_Along_Distance_KP                    0x20000180   Data           4  lidar.o(.data)
    Akm_Along_Distance_KD                    0x20000184   Data           4  lidar.o(.data)
    Akm_Along_Distance_KI                    0x20000188   Data           4  lidar.o(.data)
    FourWheel_Along_Distance_KP              0x2000018c   Data           4  lidar.o(.data)
    FourWheel_Along_Distance_KD              0x20000190   Data           4  lidar.o(.data)
    FourWheel_Along_Distance_KI              0x20000194   Data           4  lidar.o(.data)
    Along_Distance_KP                        0x20000198   Data           4  lidar.o(.data)
    Along_Distance_KD                        0x2000019c   Data           4  lidar.o(.data)
    Along_Distance_KI                        0x200001a0   Data           4  lidar.o(.data)
    Distance_KP                              0x200001a4   Data           4  lidar.o(.data)
    Distance_KD                              0x200001a8   Data           4  lidar.o(.data)
    Distance_KI                              0x200001ac   Data           4  lidar.o(.data)
    Follow_KP                                0x200001b0   Data           4  lidar.o(.data)
    Follow_KD                                0x200001b4   Data           4  lidar.o(.data)
    Follow_KI                                0x200001b8   Data           4  lidar.o(.data)
    Follow_KP_Akm                            0x200001bc   Data           4  lidar.o(.data)
    Follow_KD_Akm                            0x200001c0   Data           4  lidar.o(.data)
    Follow_KI_Akm                            0x200001c4   Data           4  lidar.o(.data)
    data_cnt                                 0x200001c8   Data           4  lidar.o(.data)
    Comd                                     0x200001fc   Data           2  pstwo.o(.data)
    Handkey                                  0x200001fe   Data           2  pstwo.o(.data)
    Strat                                    0x20000200   Data           4  pstwo.o(.data)
    MASK                                     0x20000204   Data          32  pstwo.o(.data)
    Usart1_Receive_buf                       0x2000022a   Data           1  usartx.o(.data)
    Usart1_Receive                           0x2000022b   Data           1  usartx.o(.data)
    Usart2_Receive_buf                       0x2000022c   Data           1  usartx.o(.data)
    Uart5_Receive_buf                        0x2000022d   Data           1  usartx.o(.data)
    ADV                                      0x20000238   Data         256  adc.o(.bss)
    hadc1                                    0x20000338   Data          72  adc.o(.bss)
    htim1                                    0x20000380   Data          72  tim.o(.bss)
    htim2                                    0x200003c8   Data          72  tim.o(.bss)
    htim3                                    0x20000410   Data          72  tim.o(.bss)
    htim4                                    0x20000458   Data          72  tim.o(.bss)
    htim5                                    0x200004a0   Data          72  tim.o(.bss)
    htim8                                    0x200004e8   Data          72  tim.o(.bss)
    htim9                                    0x20000530   Data          72  tim.o(.bss)
    htim10                                   0x20000578   Data          72  tim.o(.bss)
    htim11                                   0x200005c0   Data          72  tim.o(.bss)
    htim12                                   0x20000608   Data          72  tim.o(.bss)
    huart5                                   0x20000650   Data          68  usart.o(.bss)
    huart1                                   0x20000694   Data          68  usart.o(.bss)
    huart2                                   0x200006d8   Data          68  usart.o(.bss)
    OriginalEncoder                          0x2000071c   Data          16  balance.o(.bss)
    Robot_Parament                           0x2000072c   Data          24  robot_select_init.o(.bss)
    smooth_control                           0x20000744   Data          12  system.o(.bss)
    MOTOR_A                                  0x20000750   Data          20  system.o(.bss)
    MOTOR_B                                  0x20000764   Data          20  system.o(.bss)
    MOTOR_C                                  0x20000778   Data          20  system.o(.bss)
    MOTOR_D                                  0x2000078c   Data          20  system.o(.bss)
    Pack_Data                                0x200007a0   Data         106  lidar.o(.bss)
    Dataprocess                              0x2000080c   Data        9600  lidar.o(.bss)
    OLED_GRAM                                0x20002d8c   Data        1024  oled.o(.bss)
    Data                                     0x2000318c   Data           9  pstwo.o(.bss)
    __libspace_start                         0x200031c8   Data          96  libspace.o(.bss)
    __temporary_stack_top$libspace           0x20003228   Data           0  libspace.o(.bss)



==============================================================================

Memory Map of the image

  Image Entry point : 0x08000189

  Load Region LR_IROM1 (Base: 0x08000000, Size: 0x0000b000, Max: 0x00080000, ABSOLUTE, COMPRESSED[0x0000ae78])

    Execution Region ER_IROM1 (Exec base: 0x08000000, Load base: 0x08000000, Size: 0x0000adc8, Max: 0x00080000, ABSOLUTE)

    Exec Addr    Load Addr    Size         Type   Attr      Idx    E Section Name        Object

    0x08000000   0x08000000   0x00000188   Data   RO            3    RESET               startup_stm32f407xx.o
    0x08000188   0x08000188   0x00000008   Code   RO         4406  * !!!main             c_w.l(__main.o)
    0x08000190   0x08000190   0x00000034   Code   RO         4736    !!!scatter          c_w.l(__scatter.o)
    0x080001c4   0x080001c4   0x0000005a   Code   RO         4734    !!dczerorl2         c_w.l(__dczerorl2.o)
    0x0800021e   0x0800021e   0x00000002   PAD
    0x08000220   0x08000220   0x0000001c   Code   RO         4738    !!handler_zi        c_w.l(__scatter_zi.o)
    0x0800023c   0x0800023c   0x00000000   Code   RO         4399    .ARM.Collect$$_printf_percent$$00000000  c_w.l(_printf_percent.o)
    0x0800023c   0x0800023c   0x00000006   Code   RO         4398    .ARM.Collect$$_printf_percent$$00000009  c_w.l(_printf_d.o)
    0x08000242   0x08000242   0x00000004   Code   RO         4497    .ARM.Collect$$_printf_percent$$00000017  c_w.l(_printf_percent_end.o)
    0x08000246   0x08000246   0x00000002   Code   RO         4603    .ARM.Collect$$libinit$$00000000  c_w.l(libinit.o)
    0x08000248   0x08000248   0x00000004   Code   RO         4614    .ARM.Collect$$libinit$$00000001  c_w.l(libinit2.o)
    0x0800024c   0x0800024c   0x00000000   Code   RO         4617    .ARM.Collect$$libinit$$00000004  c_w.l(libinit2.o)
    0x0800024c   0x0800024c   0x00000000   Code   RO         4620    .ARM.Collect$$libinit$$0000000A  c_w.l(libinit2.o)
    0x0800024c   0x0800024c   0x00000000   Code   RO         4622    .ARM.Collect$$libinit$$0000000C  c_w.l(libinit2.o)
    0x0800024c   0x0800024c   0x00000000   Code   RO         4624    .ARM.Collect$$libinit$$0000000E  c_w.l(libinit2.o)
    0x0800024c   0x0800024c   0x00000000   Code   RO         4627    .ARM.Collect$$libinit$$00000011  c_w.l(libinit2.o)
    0x0800024c   0x0800024c   0x00000000   Code   RO         4629    .ARM.Collect$$libinit$$00000013  c_w.l(libinit2.o)
    0x0800024c   0x0800024c   0x00000000   Code   RO         4631    .ARM.Collect$$libinit$$00000015  c_w.l(libinit2.o)
    0x0800024c   0x0800024c   0x00000000   Code   RO         4633    .ARM.Collect$$libinit$$00000017  c_w.l(libinit2.o)
    0x0800024c   0x0800024c   0x00000000   Code   RO         4635    .ARM.Collect$$libinit$$00000019  c_w.l(libinit2.o)
    0x0800024c   0x0800024c   0x00000000   Code   RO         4637    .ARM.Collect$$libinit$$0000001B  c_w.l(libinit2.o)
    0x0800024c   0x0800024c   0x00000000   Code   RO         4639    .ARM.Collect$$libinit$$0000001D  c_w.l(libinit2.o)
    0x0800024c   0x0800024c   0x00000000   Code   RO         4641    .ARM.Collect$$libinit$$0000001F  c_w.l(libinit2.o)
    0x0800024c   0x0800024c   0x00000000   Code   RO         4643    .ARM.Collect$$libinit$$00000021  c_w.l(libinit2.o)
    0x0800024c   0x0800024c   0x00000000   Code   RO         4645    .ARM.Collect$$libinit$$00000023  c_w.l(libinit2.o)
    0x0800024c   0x0800024c   0x00000000   Code   RO         4647    .ARM.Collect$$libinit$$00000025  c_w.l(libinit2.o)
    0x0800024c   0x0800024c   0x00000000   Code   RO         4651    .ARM.Collect$$libinit$$0000002C  c_w.l(libinit2.o)
    0x0800024c   0x0800024c   0x00000000   Code   RO         4653    .ARM.Collect$$libinit$$0000002E  c_w.l(libinit2.o)
    0x0800024c   0x0800024c   0x00000000   Code   RO         4655    .ARM.Collect$$libinit$$00000030  c_w.l(libinit2.o)
    0x0800024c   0x0800024c   0x00000000   Code   RO         4657    .ARM.Collect$$libinit$$00000032  c_w.l(libinit2.o)
    0x0800024c   0x0800024c   0x00000002   Code   RO         4658    .ARM.Collect$$libinit$$00000033  c_w.l(libinit2.o)
    0x0800024e   0x0800024e   0x00000002   Code   RO         4686    .ARM.Collect$$libshutdown$$00000000  c_w.l(libshutdown.o)
    0x08000250   0x08000250   0x00000000   Code   RO         4715    .ARM.Collect$$libshutdown$$00000002  c_w.l(libshutdown2.o)
    0x08000250   0x08000250   0x00000000   Code   RO         4717    .ARM.Collect$$libshutdown$$00000004  c_w.l(libshutdown2.o)
    0x08000250   0x08000250   0x00000000   Code   RO         4719    .ARM.Collect$$libshutdown$$00000006  c_w.l(libshutdown2.o)
    0x08000250   0x08000250   0x00000000   Code   RO         4722    .ARM.Collect$$libshutdown$$00000009  c_w.l(libshutdown2.o)
    0x08000250   0x08000250   0x00000000   Code   RO         4725    .ARM.Collect$$libshutdown$$0000000C  c_w.l(libshutdown2.o)
    0x08000250   0x08000250   0x00000000   Code   RO         4727    .ARM.Collect$$libshutdown$$0000000E  c_w.l(libshutdown2.o)
    0x08000250   0x08000250   0x00000000   Code   RO         4730    .ARM.Collect$$libshutdown$$00000011  c_w.l(libshutdown2.o)
    0x08000250   0x08000250   0x00000002   Code   RO         4731    .ARM.Collect$$libshutdown$$00000012  c_w.l(libshutdown2.o)
    0x08000252   0x08000252   0x00000000   Code   RO         4486    .ARM.Collect$$rtentry$$00000000  c_w.l(__rtentry.o)
    0x08000252   0x08000252   0x00000000   Code   RO         4554    .ARM.Collect$$rtentry$$00000002  c_w.l(__rtentry2.o)
    0x08000252   0x08000252   0x00000006   Code   RO         4566    .ARM.Collect$$rtentry$$00000004  c_w.l(__rtentry4.o)
    0x08000258   0x08000258   0x00000000   Code   RO         4556    .ARM.Collect$$rtentry$$00000009  c_w.l(__rtentry2.o)
    0x08000258   0x08000258   0x00000004   Code   RO         4557    .ARM.Collect$$rtentry$$0000000A  c_w.l(__rtentry2.o)
    0x0800025c   0x0800025c   0x00000000   Code   RO         4559    .ARM.Collect$$rtentry$$0000000C  c_w.l(__rtentry2.o)
    0x0800025c   0x0800025c   0x00000008   Code   RO         4560    .ARM.Collect$$rtentry$$0000000D  c_w.l(__rtentry2.o)
    0x08000264   0x08000264   0x00000002   Code   RO         4606    .ARM.Collect$$rtexit$$00000000  c_w.l(rtexit.o)
    0x08000266   0x08000266   0x00000000   Code   RO         4662    .ARM.Collect$$rtexit$$00000002  c_w.l(rtexit2.o)
    0x08000266   0x08000266   0x00000004   Code   RO         4663    .ARM.Collect$$rtexit$$00000003  c_w.l(rtexit2.o)
    0x0800026a   0x0800026a   0x00000006   Code   RO         4664    .ARM.Collect$$rtexit$$00000004  c_w.l(rtexit2.o)
    0x08000270   0x08000270   0x00000040   Code   RO            4    .text               startup_stm32f407xx.o
    0x080002b0   0x080002b0   0x000000ee   Code   RO         4368    .text               c_w.l(lludivv7m.o)
    0x0800039e   0x0800039e   0x00000002   PAD
    0x080003a0   0x080003a0   0x00000018   Code   RO         4372    .text               c_w.l(noretval__2printf.o)
    0x080003b8   0x080003b8   0x00000068   Code   RO         4374    .text               c_w.l(__printf.o)
    0x08000420   0x08000420   0x00000078   Code   RO         4376    .text               c_w.l(_printf_dec.o)
    0x08000498   0x08000498   0x00000044   Code   RO         4400    .text               c_w.l(rt_memclr.o)
    0x080004dc   0x080004dc   0x0000004e   Code   RO         4402    .text               c_w.l(rt_memclr_w.o)
    0x0800052a   0x0800052a   0x00000006   Code   RO         4404    .text               c_w.l(heapauxi.o)
    0x08000530   0x08000530   0x00000016   Code   RO         4491    .text               c_w.l(_rserrno.o)
    0x08000546   0x08000546   0x000000b2   Code   RO         4493    .text               c_w.l(_printf_intcommon.o)
    0x080005f8   0x080005f8   0x00000024   Code   RO         4495    .text               c_w.l(_printf_char_file.o)
    0x0800061c   0x0800061c   0x00000008   Code   RO         4573    .text               c_w.l(rt_errno_addr_intlibspace.o)
    0x08000624   0x08000624   0x00000030   Code   RO         4575    .text               c_w.l(_printf_char_common.o)
    0x08000654   0x08000654   0x00000008   Code   RO         4577    .text               c_w.l(ferror.o)
    0x0800065c   0x0800065c   0x00000008   Code   RO         4585    .text               c_w.l(libspace.o)
    0x08000664   0x08000664   0x0000004a   Code   RO         4588    .text               c_w.l(sys_stackheap_outer.o)
    0x080006ae   0x080006ae   0x00000012   Code   RO         4592    .text               c_w.l(exit.o)
    0x080006c0   0x080006c0   0x0000000c   Code   RO          576    i.ADC_IRQHandler    stm32f4xx_it.o
    0x080006cc   0x080006cc   0x00000128   Code   RO          706    i.ADC_Init          stm32f4xx_hal_adc.o
    0x080007f4   0x080007f4   0x00000300   Code   RO         3771    i.APP_Show          show.o
    0x08000af4   0x08000af4   0x00000188   Code   RO         4028    i.Along_Adjust_PID  lidar.o
    0x08000c7c   0x08000c7c   0x00000002   Code   RO          577    i.BusFault_Handler  stm32f4xx_it.o
    0x08000c7e   0x08000c7e   0x00000002   PAD
    0x08000c80   0x08000c80   0x00000020   Code   RO         3991    i.Buzzer_Alarm      led.o
    0x08000ca0   0x08000ca0   0x0000006c   Code   RO          266    i.CCD_ADC_Mode_Config  adc.o
    0x08000d0c   0x08000d0c   0x00000074   Code   RO          267    i.CCD_GPIO_Config   adc.o
    0x08000d80   0x08000d80   0x0000000e   Code   RO          268    i.CCD_Init          adc.o
    0x08000d8e   0x08000d8e   0x00000002   Code   RO          578    i.DebugMon_Handler  stm32f4xx_it.o
    0x08000d90   0x08000d90   0x00000058   Code   RO         3551    i.Detect_Barrier    balance.o
    0x08000de8   0x08000de8   0x000000c4   Code   RO         4029    i.Distance_Adjust_PID  lidar.o
    0x08000eac   0x08000eac   0x0000000a   Code   RO          269    i.Dly_us            adc.o
    0x08000eb6   0x08000eb6   0x00000002   PAD
    0x08000eb8   0x08000eb8   0x000004d6   Code   RO         3552    i.Drive_Motor       balance.o
    0x0800138e   0x0800138e   0x00000004   Code   RO          270    i.ELE_ADC_Init      adc.o
    0x08001392   0x08001392   0x00000002   PAD
    0x08001394   0x08001394   0x00000074   Code   RO          272    i.ELE_GPIO_Config   adc.o
    0x08001408   0x08001408   0x00000004   Code   RO           13    i.Error_Handler     main.o
    0x0800140c   0x0800140c   0x000000f4   Code   RO          273    i.Find_CCD_Median   adc.o
    0x08001500   0x08001500   0x000000fc   Code   RO         4030    i.Follow_Turn_PID   lidar.o
    0x080015fc   0x080015fc   0x00000040   Code   RO          274    i.Get_Adc           adc.o
    0x0800163c   0x0800163c   0x000001c4   Code   RO         3553    i.Get_RC            balance.o
    0x08001800   0x08001800   0x00000188   Code   RO         3554    i.Get_RC_CCD        balance.o
    0x08001988   0x08001988   0x00000208   Code   RO         3555    i.Get_RC_ELE        balance.o
    0x08001b90   0x08001b90   0x00000124   Code   RO         3556    i.Get_Velocity_Form_Encoder  balance.o
    0x08001cb4   0x08001cb4   0x0000002e   Code   RO          275    i.Get_adc_Average   adc.o
    0x08001ce2   0x08001ce2   0x00000002   PAD
    0x08001ce4   0x08001ce4   0x0000006c   Code   RO          276    i.Get_battery_volt  adc.o
    0x08001d50   0x08001d50   0x00000002   Code   RO          877    i.HAL_ADCEx_InjectedConvCpltCallback  stm32f4xx_hal_adc_ex.o
    0x08001d52   0x08001d52   0x00000002   PAD
    0x08001d54   0x08001d54   0x0000014c   Code   RO          708    i.HAL_ADC_ConfigChannel  stm32f4xx_hal_adc.o
    0x08001ea0   0x08001ea0   0x00000002   Code   RO          709    i.HAL_ADC_ConvCpltCallback  stm32f4xx_hal_adc.o
    0x08001ea2   0x08001ea2   0x00000002   Code   RO          712    i.HAL_ADC_ErrorCallback  stm32f4xx_hal_adc.o
    0x08001ea4   0x08001ea4   0x00000004   Code   RO          714    i.HAL_ADC_GetState  stm32f4xx_hal_adc.o
    0x08001ea8   0x08001ea8   0x00000006   Code   RO          715    i.HAL_ADC_GetValue  stm32f4xx_hal_adc.o
    0x08001eae   0x08001eae   0x0000012e   Code   RO          716    i.HAL_ADC_IRQHandler  stm32f4xx_hal_adc.o
    0x08001fdc   0x08001fdc   0x00000054   Code   RO          717    i.HAL_ADC_Init      stm32f4xx_hal_adc.o
    0x08002030   0x08002030   0x00000002   Code   RO          718    i.HAL_ADC_LevelOutOfWindowCallback  stm32f4xx_hal_adc.o
    0x08002032   0x08002032   0x00000002   PAD
    0x08002034   0x08002034   0x00000060   Code   RO          278    i.HAL_ADC_MspInit   adc.o
    0x08002094   0x08002094   0x000000aa   Code   RO          721    i.HAL_ADC_PollForConversion  stm32f4xx_hal_adc.o
    0x0800213e   0x0800213e   0x00000002   PAD
    0x08002140   0x08002140   0x000000fc   Code   RO          723    i.HAL_ADC_Start     stm32f4xx_hal_adc.o
    0x0800223c   0x0800223c   0x00000092   Code   RO         1443    i.HAL_DMA_Abort     stm32f4xx_hal_dma.o
    0x080022ce   0x080022ce   0x00000024   Code   RO         1444    i.HAL_DMA_Abort_IT  stm32f4xx_hal_dma.o
    0x080022f2   0x080022f2   0x00000002   PAD
    0x080022f4   0x080022f4   0x000001f0   Code   RO         1336    i.HAL_GPIO_Init     stm32f4xx_hal_gpio.o
    0x080024e4   0x080024e4   0x0000000a   Code   RO         1338    i.HAL_GPIO_ReadPin  stm32f4xx_hal_gpio.o
    0x080024ee   0x080024ee   0x0000000a   Code   RO         1340    i.HAL_GPIO_WritePin  stm32f4xx_hal_gpio.o
    0x080024f8   0x080024f8   0x0000000c   Code   RO         1868    i.HAL_GetTick       stm32f4xx_hal.o
    0x08002504   0x08002504   0x00000010   Code   RO         1874    i.HAL_IncTick       stm32f4xx_hal.o
    0x08002514   0x08002514   0x00000034   Code   RO         1875    i.HAL_Init          stm32f4xx_hal.o
    0x08002548   0x08002548   0x00000040   Code   RO         1876    i.HAL_InitTick      stm32f4xx_hal.o
    0x08002588   0x08002588   0x00000030   Code   RO          679    i.HAL_MspInit       stm32f4xx_hal_msp.o
    0x080025b8   0x080025b8   0x0000001a   Code   RO         1725    i.HAL_NVIC_EnableIRQ  stm32f4xx_hal_cortex.o
    0x080025d2   0x080025d2   0x00000002   PAD
    0x080025d4   0x080025d4   0x00000040   Code   RO         1731    i.HAL_NVIC_SetPriority  stm32f4xx_hal_cortex.o
    0x08002614   0x08002614   0x00000024   Code   RO         1732    i.HAL_NVIC_SetPriorityGrouping  stm32f4xx_hal_cortex.o
    0x08002638   0x08002638   0x00000134   Code   RO          982    i.HAL_RCC_ClockConfig  stm32f4xx_hal_rcc.o
    0x0800276c   0x0800276c   0x00000020   Code   RO          989    i.HAL_RCC_GetPCLK1Freq  stm32f4xx_hal_rcc.o
    0x0800278c   0x0800278c   0x00000020   Code   RO          990    i.HAL_RCC_GetPCLK2Freq  stm32f4xx_hal_rcc.o
    0x080027ac   0x080027ac   0x00000064   Code   RO          991    i.HAL_RCC_GetSysClockFreq  stm32f4xx_hal_rcc.o
    0x08002810   0x08002810   0x0000036c   Code   RO          994    i.HAL_RCC_OscConfig  stm32f4xx_hal_rcc.o
    0x08002b7c   0x08002b7c   0x00000028   Code   RO         1736    i.HAL_SYSTICK_Config  stm32f4xx_hal_cortex.o
    0x08002ba4   0x08002ba4   0x00000002   Code   RO         2819    i.HAL_TIMEx_BreakCallback  stm32f4xx_hal_tim_ex.o
    0x08002ba6   0x08002ba6   0x00000002   Code   RO         2820    i.HAL_TIMEx_CommutCallback  stm32f4xx_hal_tim_ex.o
    0x08002ba8   0x08002ba8   0x00000054   Code   RO         2822    i.HAL_TIMEx_ConfigBreakDeadTime  stm32f4xx_hal_tim_ex.o
    0x08002bfc   0x08002bfc   0x00000090   Code   RO         2838    i.HAL_TIMEx_MasterConfigSynchronization  stm32f4xx_hal_tim_ex.o
    0x08002c8c   0x08002c8c   0x0000005a   Code   RO         2115    i.HAL_TIM_Base_Init  stm32f4xx_hal_tim.o
    0x08002ce6   0x08002ce6   0x00000002   PAD
    0x08002ce8   0x08002ce8   0x000000c0   Code   RO          391    i.HAL_TIM_Base_MspInit  tim.o
    0x08002da8   0x08002da8   0x00000080   Code   RO         2120    i.HAL_TIM_Base_Start_IT  stm32f4xx_hal_tim.o
    0x08002e28   0x08002e28   0x000000dc   Code   RO         2124    i.HAL_TIM_ConfigClockSource  stm32f4xx_hal_tim.o
    0x08002f04   0x08002f04   0x000000a4   Code   RO         2136    i.HAL_TIM_Encoder_Init  stm32f4xx_hal_tim.o
    0x08002fa8   0x08002fa8   0x0000013c   Code   RO          393    i.HAL_TIM_Encoder_MspInit  tim.o
    0x080030e4   0x080030e4   0x0000008e   Code   RO         2139    i.HAL_TIM_Encoder_Start  stm32f4xx_hal_tim.o
    0x08003172   0x08003172   0x00000002   Code   RO         2149    i.HAL_TIM_IC_CaptureCallback  stm32f4xx_hal_tim.o
    0x08003174   0x08003174   0x00000166   Code   RO         2163    i.HAL_TIM_IRQHandler  stm32f4xx_hal_tim.o
    0x080032da   0x080032da   0x00000002   PAD
    0x080032dc   0x080032dc   0x00000110   Code   RO          394    i.HAL_TIM_MspPostInit  tim.o
    0x080033ec   0x080033ec   0x00000002   Code   RO         2166    i.HAL_TIM_OC_DelayElapsedCallback  stm32f4xx_hal_tim.o
    0x080033ee   0x080033ee   0x000000cc   Code   RO         2187    i.HAL_TIM_PWM_ConfigChannel  stm32f4xx_hal_tim.o
    0x080034ba   0x080034ba   0x0000005a   Code   RO         2190    i.HAL_TIM_PWM_Init  stm32f4xx_hal_tim.o
    0x08003514   0x08003514   0x00000002   Code   RO         2192    i.HAL_TIM_PWM_MspInit  stm32f4xx_hal_tim.o
    0x08003516   0x08003516   0x00000002   Code   RO         2193    i.HAL_TIM_PWM_PulseFinishedCallback  stm32f4xx_hal_tim.o
    0x08003518   0x08003518   0x000000c8   Code   RO         2195    i.HAL_TIM_PWM_Start  stm32f4xx_hal_tim.o
    0x080035e0   0x080035e0   0x000002ac   Code   RO         3557    i.HAL_TIM_PeriodElapsedCallback  balance.o
    0x0800388c   0x0800388c   0x00000002   Code   RO         2206    i.HAL_TIM_TriggerCallback  stm32f4xx_hal_tim.o
    0x0800388e   0x0800388e   0x00000002   Code   RO         3097    i.HAL_UARTEx_RxEventCallback  stm32f4xx_hal_uart.o
    0x08003890   0x08003890   0x00000002   Code   RO         3111    i.HAL_UART_ErrorCallback  stm32f4xx_hal_uart.o
    0x08003892   0x08003892   0x00000002   PAD
    0x08003894   0x08003894   0x00000268   Code   RO         3114    i.HAL_UART_IRQHandler  stm32f4xx_hal_uart.o
    0x08003afc   0x08003afc   0x00000062   Code   RO         3115    i.HAL_UART_Init     stm32f4xx_hal_uart.o
    0x08003b5e   0x08003b5e   0x00000002   PAD
    0x08003b60   0x08003b60   0x00000144   Code   RO          505    i.HAL_UART_MspInit  usart.o
    0x08003ca4   0x08003ca4   0x0000002a   Code   RO         3120    i.HAL_UART_Receive_IT  stm32f4xx_hal_uart.o
    0x08003cce   0x08003cce   0x00000002   PAD
    0x08003cd0   0x08003cd0   0x00000488   Code   RO         4297    i.HAL_UART_RxCpltCallback  usartx.o
    0x08004158   0x08004158   0x00000002   Code   RO         3126    i.HAL_UART_TxCpltCallback  stm32f4xx_hal_uart.o
    0x0800415a   0x0800415a   0x00000002   Code   RO          579    i.HardFault_Handler  stm32f4xx_it.o
    0x0800415c   0x0800415c   0x0000007c   Code   RO         3558    i.Incremental_PI_A  balance.o
    0x080041d8   0x080041d8   0x0000007c   Code   RO         3559    i.Incremental_PI_B  balance.o
    0x08004254   0x08004254   0x0000007c   Code   RO         3560    i.Incremental_PI_C  balance.o
    0x080042d0   0x080042d0   0x0000007c   Code   RO         3561    i.Incremental_PI_D  balance.o
    0x0800434c   0x0800434c   0x00000030   Code   RO         3992    i.Led_Flash         led.o
    0x0800437c   0x0800437c   0x00000140   Code   RO         3562    i.Lidar_Avoid       balance.o
    0x080044bc   0x080044bc   0x000001d4   Code   RO         3563    i.Lidar_Follow      balance.o
    0x08004690   0x08004690   0x000000f8   Code   RO         3564    i.Lidar_along_wall  balance.o
    0x08004788   0x08004788   0x00000090   Code   RO         3565    i.Limit_Pwm         balance.o
    0x08004818   0x08004818   0x00000068   Code   RO          279    i.MX_ADC1_Init      adc.o
    0x08004880   0x08004880   0x00000128   Code   RO          242    i.MX_GPIO_Init      gpio.o
    0x080049a8   0x080049a8   0x00000070   Code   RO          395    i.MX_TIM10_Init     tim.o
    0x08004a18   0x08004a18   0x00000070   Code   RO          396    i.MX_TIM11_Init     tim.o
    0x08004a88   0x08004a88   0x00000050   Code   RO          397    i.MX_TIM12_Init     tim.o
    0x08004ad8   0x08004ad8   0x00000118   Code   RO          398    i.MX_TIM1_Init      tim.o
    0x08004bf0   0x08004bf0   0x00000078   Code   RO          399    i.MX_TIM2_Init      tim.o
    0x08004c68   0x08004c68   0x00000078   Code   RO          400    i.MX_TIM3_Init      tim.o
    0x08004ce0   0x08004ce0   0x00000078   Code   RO          401    i.MX_TIM4_Init      tim.o
    0x08004d58   0x08004d58   0x00000078   Code   RO          402    i.MX_TIM5_Init      tim.o
    0x08004dd0   0x08004dd0   0x000000dc   Code   RO          403    i.MX_TIM8_Init      tim.o
    0x08004eac   0x08004eac   0x000000a4   Code   RO          404    i.MX_TIM9_Init      tim.o
    0x08004f50   0x08004f50   0x00000044   Code   RO          506    i.MX_UART5_Init     usart.o
    0x08004f94   0x08004f94   0x00000044   Code   RO          507    i.MX_USART1_UART_Init  usart.o
    0x08004fd8   0x08004fd8   0x00000044   Code   RO          508    i.MX_USART2_UART_Init  usart.o
    0x0800501c   0x0800501c   0x00000002   Code   RO          580    i.MemManage_Handler  stm32f4xx_it.o
    0x0800501e   0x0800501e   0x00000002   Code   RO          581    i.NMI_Handler       stm32f4xx_it.o
    0x08005020   0x08005020   0x0000002c   Code   RO         4078    i.OLED_Clear        oled.o
    0x0800504c   0x0800504c   0x0000003c   Code   RO         4081    i.OLED_DrawPoint    oled.o
    0x08005088   0x08005088   0x00000032   Code   RO         3772    i.OLED_DrawPoint_Shu  show.o
    0x080050ba   0x080050ba   0x00000002   PAD
    0x080050bc   0x080050bc   0x000000e4   Code   RO         4082    i.OLED_Init         oled.o
    0x080051a0   0x080051a0   0x0000004c   Code   RO         4083    i.OLED_Refresh_Gram  oled.o
    0x080051ec   0x080051ec   0x00000090   Code   RO         4086    i.OLED_ShowChar     oled.o
    0x0800527c   0x0800527c   0x00000078   Code   RO         4087    i.OLED_ShowNumber   oled.o
    0x080052f4   0x080052f4   0x0000003e   Code   RO         4088    i.OLED_ShowString   oled.o
    0x08005332   0x08005332   0x00000002   PAD
    0x08005334   0x08005334   0x00000034   Code   RO         3773    i.OLED_Show_CCD     show.o
    0x08005368   0x08005368   0x00000044   Code   RO         4089    i.OLED_WR_Byte      oled.o
    0x080053ac   0x080053ac   0x00000018   Code   RO         4183    i.PS2_ClearData     pstwo.o
    0x080053c4   0x080053c4   0x00000094   Code   RO         4184    i.PS2_Cmd           pstwo.o
    0x08005458   0x08005458   0x00000210   Code   RO         3566    i.PS2_Control       balance.o
    0x08005668   0x08005668   0x00000040   Code   RO         4185    i.PS2_DataKey       pstwo.o
    0x080056a8   0x080056a8   0x000000ac   Code   RO         4188    i.PS2_Read          pstwo.o
    0x08005754   0x08005754   0x000000b0   Code   RO         4189    i.PS2_ReadData      pstwo.o
    0x08005804   0x08005804   0x00000002   Code   RO          582    i.PendSV_Handler    stm32f4xx_it.o
    0x08005806   0x08005806   0x00000002   PAD
    0x08005808   0x08005808   0x00000080   Code   RO          280    i.RD_TSL            adc.o
    0x08005888   0x08005888   0x00000040   Code   RO         3906    i.Read_Encoder      encoder.o
    0x080058c8   0x080058c8   0x00000098   Code   RO         3734    i.Robot_Init        robot_select_init.o
    0x08005960   0x08005960   0x00000128   Code   RO         3735    i.Robot_Select      robot_select_init.o
    0x08005a88   0x08005a88   0x00000002   Code   RO          583    i.SVC_Handler       stm32f4xx_it.o
    0x08005a8a   0x08005a8a   0x00000002   PAD
    0x08005a8c   0x08005a8c   0x00000074   Code   RO         3567    i.Set_Pwm           balance.o
    0x08005b00   0x08005b00   0x00000138   Code   RO         3568    i.Smooth_control    balance.o
    0x08005c38   0x08005c38   0x00000004   Code   RO          584    i.SysTick_Handler   stm32f4xx_it.o
    0x08005c3c   0x08005c3c   0x00000094   Code   RO           15    i.SystemClock_Config  main.o
    0x08005cd0   0x08005cd0   0x00000010   Code   RO         3444    i.SystemInit        system_stm32f4xx.o
    0x08005ce0   0x08005ce0   0x0000001c   Code   RO          585    i.TIM8_BRK_TIM12_IRQHandler  stm32f4xx_it.o
    0x08005cfc   0x08005cfc   0x000000c8   Code   RO         2208    i.TIM_Base_SetConfig  stm32f4xx_hal_tim.o
    0x08005dc4   0x08005dc4   0x0000001a   Code   RO         2209    i.TIM_CCxChannelCmd  stm32f4xx_hal_tim.o
    0x08005dde   0x08005dde   0x00000014   Code   RO         2219    i.TIM_ETR_SetConfig  stm32f4xx_hal_tim.o
    0x08005df2   0x08005df2   0x00000010   Code   RO         2220    i.TIM_ITRx_SetConfig  stm32f4xx_hal_tim.o
    0x08005e02   0x08005e02   0x00000002   PAD
    0x08005e04   0x08005e04   0x00000060   Code   RO         2221    i.TIM_OC1_SetConfig  stm32f4xx_hal_tim.o
    0x08005e64   0x08005e64   0x0000006c   Code   RO         2222    i.TIM_OC2_SetConfig  stm32f4xx_hal_tim.o
    0x08005ed0   0x08005ed0   0x00000068   Code   RO         2223    i.TIM_OC3_SetConfig  stm32f4xx_hal_tim.o
    0x08005f38   0x08005f38   0x00000050   Code   RO         2224    i.TIM_OC4_SetConfig  stm32f4xx_hal_tim.o
    0x08005f88   0x08005f88   0x00000022   Code   RO         2226    i.TIM_TI1_ConfigInputStage  stm32f4xx_hal_tim.o
    0x08005faa   0x08005faa   0x00000024   Code   RO         2228    i.TIM_TI2_ConfigInputStage  stm32f4xx_hal_tim.o
    0x08005fce   0x08005fce   0x00000002   PAD
    0x08005fd0   0x08005fd0   0x00000024   Code   RO         3569    i.Turn_Off          balance.o
    0x08005ff4   0x08005ff4   0x0000000c   Code   RO          586    i.UART5_IRQHandler  stm32f4xx_it.o
    0x08006000   0x08006000   0x00000010   Code   RO         3128    i.UART_DMAAbortOnError  stm32f4xx_hal_uart.o
    0x08006010   0x08006010   0x0000004e   Code   RO         3138    i.UART_EndRxTransfer  stm32f4xx_hal_uart.o
    0x0800605e   0x0800605e   0x000000c0   Code   RO         3140    i.UART_Receive_IT   stm32f4xx_hal_uart.o
    0x0800611e   0x0800611e   0x00000002   PAD
    0x08006120   0x08006120   0x0000010c   Code   RO         3141    i.UART_SetConfig    stm32f4xx_hal_uart.o
    0x0800622c   0x0800622c   0x0000003a   Code   RO         3143    i.UART_Start_Receive_IT  stm32f4xx_hal_uart.o
    0x08006266   0x08006266   0x00000002   PAD
    0x08006268   0x08006268   0x0000000c   Code   RO          587    i.USART1_IRQHandler  stm32f4xx_it.o
    0x08006274   0x08006274   0x0000000c   Code   RO          588    i.USART2_IRQHandler  stm32f4xx_it.o
    0x08006280   0x08006280   0x00000002   Code   RO          589    i.UsageFault_Handler  stm32f4xx_it.o
    0x08006282   0x08006282   0x00000002   PAD
    0x08006284   0x08006284   0x000000b0   Code   RO         3935    i.User_Key_Scan     key.o
    0x08006334   0x08006334   0x00000030   Code   RO         4537    i.__ARM_fpclassify  m_wm.l(fpclassify.o)
    0x08006364   0x08006364   0x00000020   Code   RO         1738    i.__NVIC_SetPriority  stm32f4xx_hal_cortex.o
    0x08006384   0x08006384   0x00000004   PAD
    0x08006388   0x08006388   0x00000c50   Code   RO         4448    i.__hardfp_pow      m_wm.l(pow.o)
    0x08006fd8   0x08006fd8   0x0000007a   Code   RO         4462    i.__hardfp_sqrt     m_wm.l(sqrt.o)
    0x08007052   0x08007052   0x00000006   PAD
    0x08007058   0x08007058   0x00000080   Code   RO         4474    i.__hardfp_tan      m_wm.l(tan.o)
    0x080070d8   0x080070d8   0x00000438   Code   RO         4542    i.__ieee754_rem_pio2  m_wm.l(rred.o)
    0x08007510   0x08007510   0x000000f8   Code   RO         4539    i.__kernel_poly     m_wm.l(poly.o)
    0x08007608   0x08007608   0x00000350   Code   RO         4547    i.__kernel_tan      m_wm.l(tan_i.o)
    0x08007958   0x08007958   0x00000030   Code   RO         4517    i.__mathlib_dbl_divzero  m_wm.l(dunder.o)
    0x08007988   0x08007988   0x00000014   Code   RO         4518    i.__mathlib_dbl_infnan  m_wm.l(dunder.o)
    0x0800799c   0x0800799c   0x00000014   Code   RO         4519    i.__mathlib_dbl_infnan2  m_wm.l(dunder.o)
    0x080079b0   0x080079b0   0x00000020   Code   RO         4520    i.__mathlib_dbl_invalid  m_wm.l(dunder.o)
    0x080079d0   0x080079d0   0x00000020   Code   RO         4521    i.__mathlib_dbl_overflow  m_wm.l(dunder.o)
    0x080079f0   0x080079f0   0x00000020   Code   RO         4523    i.__mathlib_dbl_underflow  m_wm.l(dunder.o)
    0x08007a10   0x08007a10   0x00000002   Code   RO          509    i._sys_exit         usart.o
    0x08007a12   0x08007a12   0x00000002   PAD
    0x08007a14   0x08007a14   0x0000011c   Code   RO         4031    i.data_process      lidar.o
    0x08007b30   0x08007b30   0x00000016   Code   RO         3570    i.delay1_ms         balance.o
    0x08007b46   0x08007b46   0x00000002   PAD
    0x08007b48   0x08007b48   0x00000020   Code   RO         3481    i.delay_init        delay.o
    0x08007b68   0x08007b68   0x00000034   Code   RO         3482    i.delay_ms          delay.o
    0x08007b9c   0x08007b9c   0x00000034   Code   RO         3483    i.delay_us          delay.o
    0x08007bd0   0x08007bd0   0x00000018   Code   RO         4533    i.fabs              m_wm.l(fabs.o)
    0x08007be8   0x08007be8   0x00000010   Code   RO         3572    i.float_abs         balance.o
    0x08007bf8   0x08007bf8   0x00000030   Code   RO          510    i.fputc             usart.o
    0x08007c28   0x08007c28   0x0000008c   Code   RO           16    i.main              main.o
    0x08007cb4   0x08007cb4   0x00000008   Code   RO         3573    i.myabs             balance.o
    0x08007cbc   0x08007cbc   0x00000010   Code   RO         4090    i.oled_pow          oled.o
    0x08007ccc   0x08007ccc   0x00000b18   Code   RO         3774    i.oled_show         show.o
    0x080087e4   0x080087e4   0x0000010c   Code   RO         3775    i.show_task         show.o
    0x080088f0   0x080088f0   0x0000006e   Code   RO         4464    i.sqrt              m_wm.l(sqrt.o)
    0x0800895e   0x0800895e   0x00000020   Code   RO         3574    i.target_limit_float  balance.o
    0x0800897e   0x0800897e   0x00000010   Code   RO         3575    i.target_limit_int  balance.o
    0x0800898e   0x0800898e   0x00000018   Code   RO         4498    x$fpl$basic         fz_wm.l(basic.o)
    0x080089a6   0x080089a6   0x00000002   PAD
    0x080089a8   0x080089a8   0x00000062   Code   RO         4408    x$fpl$d2f           fz_wm.l(d2f.o)
    0x08008a0a   0x08008a0a   0x00000002   PAD
    0x08008a0c   0x08008a0c   0x00000150   Code   RO         4410    x$fpl$dadd          fz_wm.l(daddsub_clz.o)
    0x08008b5c   0x08008b5c   0x00000010   Code   RO         4581    x$fpl$dcheck1       fz_wm.l(dcheck1.o)
    0x08008b6c   0x08008b6c   0x00000018   Code   RO         4583    x$fpl$dcmpinf       fz_wm.l(dcmpi.o)
    0x08008b84   0x08008b84   0x000002b0   Code   RO         4417    x$fpl$ddiv          fz_wm.l(ddiv.o)
    0x08008e34   0x08008e34   0x0000005e   Code   RO         4420    x$fpl$dfix          fz_wm.l(dfix.o)
    0x08008e92   0x08008e92   0x0000002e   Code   RO         4425    x$fpl$dflt          fz_wm.l(dflt_clz.o)
    0x08008ec0   0x08008ec0   0x00000026   Code   RO         4424    x$fpl$dfltu         fz_wm.l(dflt_clz.o)
    0x08008ee6   0x08008ee6   0x00000002   PAD
    0x08008ee8   0x08008ee8   0x00000078   Code   RO         4500    x$fpl$dleqf         fz_wm.l(dleqf.o)
    0x08008f60   0x08008f60   0x00000154   Code   RO         4430    x$fpl$dmul          fz_wm.l(dmul.o)
    0x080090b4   0x080090b4   0x0000009c   Code   RO         4502    x$fpl$dnaninf       fz_wm.l(dnaninf.o)
    0x08009150   0x08009150   0x0000000c   Code   RO         4504    x$fpl$dretinf       fz_wm.l(dretinf.o)
    0x0800915c   0x0800915c   0x0000006c   Code   RO         4506    x$fpl$drleqf        fz_wm.l(drleqf.o)
    0x080091c8   0x080091c8   0x00000016   Code   RO         4411    x$fpl$drsb          fz_wm.l(daddsub_clz.o)
    0x080091de   0x080091de   0x00000002   PAD
    0x080091e0   0x080091e0   0x00000198   Code   RO         4508    x$fpl$dsqrt         fz_wm.l(dsqrt_umaal.o)
    0x08009378   0x08009378   0x000001d4   Code   RO         4412    x$fpl$dsub          fz_wm.l(daddsub_clz.o)
    0x0800954c   0x0800954c   0x00000056   Code   RO         4432    x$fpl$f2d           fz_wm.l(f2d.o)
    0x080095a2   0x080095a2   0x0000008c   Code   RO         4510    x$fpl$fnaninf       fz_wm.l(fnaninf.o)
    0x0800962e   0x0800962e   0x0000000a   Code   RO         4674    x$fpl$fpinit        fz_wm.l(fpinit.o)
    0x08009638   0x08009638   0x0000000a   Code   RO         4512    x$fpl$fretinf       fz_wm.l(fretinf.o)
    0x08009642   0x08009642   0x00000064   Code   RO         4604    x$fpl$retnan        fz_wm.l(retnan.o)
    0x080096a6   0x080096a6   0x0000005c   Code   RO         4514    x$fpl$scalbn        fz_wm.l(scalbn.o)
    0x08009702   0x08009702   0x00000030   Code   RO         4659    x$fpl$trapveneer    fz_wm.l(trapv.o)
    0x08009732   0x08009732   0x00000000   Code   RO         4516    x$fpl$usenofp       fz_wm.l(usenofp.o)
    0x08009732   0x08009732   0x00000010   Data   RO         3445    .constdata          system_stm32f4xx.o
    0x08009742   0x08009742   0x00000008   Data   RO         3446    .constdata          system_stm32f4xx.o
    0x0800974a   0x0800974a   0x000014a4   Data   RO         4092    .constdata          oled.o
    0x0800abee   0x0800abee   0x00000002   PAD
    0x0800abf0   0x0800abf0   0x00000088   Data   RO         4451    .constdata          m_wm.l(pow.o)
    0x0800ac78   0x0800ac78   0x00000008   Data   RO         4541    .constdata          m_wm.l(qnan.o)
    0x0800ac80   0x0800ac80   0x000000c8   Data   RO         4544    .constdata          m_wm.l(rred.o)
    0x0800ad48   0x0800ad48   0x00000060   Data   RO         4548    .constdata          m_wm.l(tan_i.o)
    0x0800ada8   0x0800ada8   0x00000020   Data   RO         4732    Region$$Table       anon$$obj.o


    Execution Region RW_IRAM1 (Exec base: 0x20000000, Load base: 0x0800adc8, Size: 0x00003828, Max: 0x0001c000, ABSOLUTE, COMPRESSED[0x000000b0])

    Exec Addr    Load Addr    Size         Type   Attr      Idx    E Section Name        Object

    0x20000000   COMPRESSED   0x00000012   Data   RW          283    .data               adc.o
    0x20000012   COMPRESSED   0x00000002   PAD
    0x20000014   COMPRESSED   0x00000004   Data   RW          284    .data               adc.o
    0x20000018   COMPRESSED   0x00000004   Data   RW          286    .data               adc.o
    0x2000001c   COMPRESSED   0x00000004   Data   RW          287    .data               adc.o
    0x20000020   COMPRESSED   0x00000004   Data   RW          288    .data               adc.o
    0x20000024   COMPRESSED   0x00000004   Data   RW          289    .data               adc.o
    0x20000028   COMPRESSED   0x00000004   Data   RW          290    .data               adc.o
    0x2000002c   COMPRESSED   0x00000004   Data   RW          291    .data               adc.o
    0x20000030   COMPRESSED   0x00000001   Data   RW          512    .data               usart.o
    0x20000031   COMPRESSED   0x00000003   PAD
    0x20000034   COMPRESSED   0x00000004   Data   RW          513    .data               usart.o
    0x20000038   COMPRESSED   0x0000000c   Data   RW         1882    .data               stm32f4xx_hal.o
    0x20000044   COMPRESSED   0x00000004   Data   RW         3447    .data               system_stm32f4xx.o
    0x20000048   COMPRESSED   0x00000004   Data   RW         3484    .data               delay.o
    0x2000004c   COMPRESSED   0x00000074   Data   RW         3577    .data               balance.o
    0x200000c0   COMPRESSED   0x00000018   Data   RW         3776    .data               show.o
    0x200000d8   COMPRESSED   0x00000001   Data   RW         3834    .data               system.o
    0x200000d9   COMPRESSED   0x00000001   Data   RW         3835    .data               system.o
    0x200000da   COMPRESSED   0x00000002   PAD
    0x200000dc   COMPRESSED   0x00000004   Data   RW         3836    .data               system.o
    0x200000e0   COMPRESSED   0x00000004   Data   RW         3837    .data               system.o
    0x200000e4   COMPRESSED   0x00000004   Data   RW         3838    .data               system.o
    0x200000e8   COMPRESSED   0x00000004   Data   RW         3839    .data               system.o
    0x200000ec   COMPRESSED   0x00000004   Data   RW         3840    .data               system.o
    0x200000f0   COMPRESSED   0x00000004   Data   RW         3841    .data               system.o
    0x200000f4   COMPRESSED   0x00000004   Data   RW         3842    .data               system.o
    0x200000f8   COMPRESSED   0x00000004   Data   RW         3843    .data               system.o
    0x200000fc   COMPRESSED   0x00000004   Data   RW         3844    .data               system.o
    0x20000100   COMPRESSED   0x00000004   Data   RW         3845    .data               system.o
    0x20000104   COMPRESSED   0x00000004   Data   RW         3846    .data               system.o
    0x20000108   COMPRESSED   0x00000004   Data   RW         3847    .data               system.o
    0x2000010c   COMPRESSED   0x00000004   Data   RW         3848    .data               system.o
    0x20000110   COMPRESSED   0x00000004   Data   RW         3849    .data               system.o
    0x20000114   COMPRESSED   0x00000004   Data   RW         3850    .data               system.o
    0x20000118   COMPRESSED   0x00000001   Data   RW         3852    .data               system.o
    0x20000119   COMPRESSED   0x00000001   Data   RW         3857    .data               system.o
    0x2000011a   COMPRESSED   0x00000001   Data   RW         3858    .data               system.o
    0x2000011b   COMPRESSED   0x00000001   PAD
    0x2000011c   COMPRESSED   0x00000004   Data   RW         3859    .data               system.o
    0x20000120   COMPRESSED   0x00000004   Data   RW         3860    .data               system.o
    0x20000124   COMPRESSED   0x00000004   Data   RW         3861    .data               system.o
    0x20000128   COMPRESSED   0x00000004   Data   RW         3862    .data               system.o
    0x2000012c   COMPRESSED   0x00000004   Data   RW         3863    .data               system.o
    0x20000130   COMPRESSED   0x00000004   Data   RW         3864    .data               system.o
    0x20000134   COMPRESSED   0x00000004   Data   RW         3865    .data               system.o
    0x20000138   COMPRESSED   0x00000004   Data   RW         3866    .data               system.o
    0x2000013c   COMPRESSED   0x00000004   Data   RW         3867    .data               system.o
    0x20000140   COMPRESSED   0x00000004   Data   RW         3868    .data               system.o
    0x20000144   COMPRESSED   0x00000004   Data   RW         3869    .data               system.o
    0x20000148   COMPRESSED   0x00000004   Data   RW         3870    .data               system.o
    0x2000014c   COMPRESSED   0x00000004   Data   RW         3871    .data               system.o
    0x20000150   COMPRESSED   0x00000004   Data   RW         3872    .data               system.o
    0x20000154   COMPRESSED   0x00000004   Data   RW         3873    .data               system.o
    0x20000158   COMPRESSED   0x00000001   Data   RW         3874    .data               system.o
    0x20000159   COMPRESSED   0x00000001   Data   RW         3875    .data               system.o
    0x2000015a   COMPRESSED   0x00000001   Data   RW         3876    .data               system.o
    0x2000015b   COMPRESSED   0x00000001   Data   RW         3877    .data               system.o
    0x2000015c   COMPRESSED   0x00000012   Data   RW         3939    .data               key.o
    0x2000016e   COMPRESSED   0x00000002   PAD
    0x20000170   COMPRESSED   0x00000004   Data   RW         3994    .data               led.o
    0x20000174   COMPRESSED   0x00000088   Data   RW         4034    .data               lidar.o
    0x200001fc   COMPRESSED   0x00000028   Data   RW         4198    .data               pstwo.o
    0x20000224   COMPRESSED   0x00000014   Data   RW         4305    .data               usartx.o
    0x20000238        -       0x00000148   Zero   RW          281    .bss                adc.o
    0x20000380        -       0x000002d0   Zero   RW          405    .bss                tim.o
    0x20000650        -       0x000000cc   Zero   RW          511    .bss                usart.o
    0x2000071c        -       0x00000010   Zero   RW         3576    .bss                balance.o
    0x2000072c        -       0x00000018   Zero   RW         3736    .bss                robot_select_init.o
    0x20000744        -       0x0000000c   Zero   RW         3829    .bss                system.o
    0x20000750        -       0x00000014   Zero   RW         3830    .bss                system.o
    0x20000764        -       0x00000014   Zero   RW         3831    .bss                system.o
    0x20000778        -       0x00000014   Zero   RW         3832    .bss                system.o
    0x2000078c        -       0x00000014   Zero   RW         3833    .bss                system.o
    0x200007a0        -       0x000025ec   Zero   RW         4033    .bss                lidar.o
    0x20002d8c        -       0x00000400   Zero   RW         4091    .bss                oled.o
    0x2000318c        -       0x00000009   Zero   RW         4197    .bss                pstwo.o
    0x20003195        -       0x00000032   Zero   RW         4302    .bss                usartx.o
    0x200031c7   COMPRESSED   0x00000001   PAD
    0x200031c8        -       0x00000060   Zero   RW         4586    .bss                c_w.l(libspace.o)
    0x20003228        -       0x00000200   Zero   RW            2    HEAP                startup_stm32f407xx.o
    0x20003428        -       0x00000400   Zero   RW            1    STACK               startup_stm32f407xx.o


    Execution Region RW_IRAM2 (Exec base: 0x2001c000, Load base: 0x0800ae78, Size: 0x00000000, Max: 0x00004000, ABSOLUTE)

    **** No section assigned to this execution region ****


==============================================================================

Image component sizes


      Code (inc. data)   RO Data    RW Data    ZI Data      Debug   Object Name

      1158        126          0         46        328      11740   adc.o
      6428        938          0        116         16      26356   balance.o
       136         18          0          4          0       2543   delay.o
        64         12          0          0          0        871   encoder.o
       296         18          0          0          0       1491   gpio.o
       176         14          0         18          0       3502   key.o
        80         12          0          4          0       1491   led.o
      1124        142          0        136       9708       7273   lidar.o
       292         18          0          0          0     719224   main.o
       818         34       5284          0       1024       9619   oled.o
       584         96          0         40          9       5330   pstwo.o
       448        128          0          0         24       2457   robot_select_init.o
      3978        582          0         24          0       6793   show.o
        64         26        392          0       1536       1016   startup_stm32f407xx.o
       144         24          0         12          0      10193   stm32f4xx_hal.o
      1452         52          0          0          0      10916   stm32f4xx_hal_adc.o
         2          0          0          0          0       1389   stm32f4xx_hal_adc_ex.o
       198         14          0          0          0      35171   stm32f4xx_hal_cortex.o
       182          0          0          0          0       2711   stm32f4xx_hal_dma.o
       516         46          0          0          0       3667   stm32f4xx_hal_gpio.o
        48          6          0          0          0       1262   stm32f4xx_hal_msp.o
      1348         76          0          0          0       6456   stm32f4xx_hal_rcc.o
      2326        136          0          0          0      23953   stm32f4xx_hal_tim.o
       232         28          0          0          0       4289   stm32f4xx_hal_tim_ex.o
      1374         16          0          0          0      11668   stm32f4xx_hal_uart.o
        96         34          0          0          0       9398   stm32f4xx_it.o
         0          0          0        129         92       3730   system.o
        16          4         24          4          0       1739   system_stm32f4xx.o
      2228        176          0          0        720      13097   tim.o
       578         82          0          5        204       7088   usart.o
      1160        258          0         20         50       4563   usartx.o

    ----------------------------------------------------------------------
     27600       3116       5734        568      13712     950996   Object Totals
         0          0         32          0          0          0   (incl. Generated)
        54          0          2         10          1          0   (incl. Padding)

    ----------------------------------------------------------------------

      Code (inc. data)   RO Data    RW Data    ZI Data      Debug   Library Member Name

        90          0          0          0          0          0   __dczerorl2.o
         8          0          0          0          0         68   __main.o
       104          0          0          0          0         84   __printf.o
         0          0          0          0          0          0   __rtentry.o
        12          0          0          0          0          0   __rtentry2.o
         6          0          0          0          0          0   __rtentry4.o
        52          8          0          0          0          0   __scatter.o
        28          0          0          0          0          0   __scatter_zi.o
        48          6          0          0          0         96   _printf_char_common.o
        36          4          0          0          0         80   _printf_char_file.o
         6          0          0          0          0          0   _printf_d.o
       120         16          0          0          0         92   _printf_dec.o
       178          0          0          0          0         88   _printf_intcommon.o
         0          0          0          0          0          0   _printf_percent.o
         4          0          0          0          0          0   _printf_percent_end.o
        22          0          0          0          0        100   _rserrno.o
        18          0          0          0          0         80   exit.o
         8          0          0          0          0         68   ferror.o
         6          0          0          0          0        152   heapauxi.o
         2          0          0          0          0          0   libinit.o
         6          0          0          0          0          0   libinit2.o
         2          0          0          0          0          0   libshutdown.o
         2          0          0          0          0          0   libshutdown2.o
         8          4          0          0         96         68   libspace.o
       238          0          0          0          0        100   lludivv7m.o
        24          4          0          0          0         84   noretval__2printf.o
         8          4          0          0          0         68   rt_errno_addr_intlibspace.o
        68          0          0          0          0         68   rt_memclr.o
        78          0          0          0          0         80   rt_memclr_w.o
         2          0          0          0          0          0   rtexit.o
        10          0          0          0          0          0   rtexit2.o
        74          0          0          0          0         80   sys_stackheap_outer.o
        24          0          0          0          0        164   basic.o
        98          4          0          0          0        140   d2f.o
       826         16          0          0          0        492   daddsub_clz.o
        16          4          0          0          0        116   dcheck1.o
        24          0          0          0          0        116   dcmpi.o
       688        140          0          0          0        256   ddiv.o
        94          4          0          0          0        140   dfix.o
        84          0          0          0          0        232   dflt_clz.o
       120          4          0          0          0        140   dleqf.o
       340         12          0          0          0        152   dmul.o
       156          4          0          0          0        140   dnaninf.o
        12          0          0          0          0        116   dretinf.o
       108          0          0          0          0        128   drleqf.o
       408         56          0          0          0        168   dsqrt_umaal.o
        86          4          0          0          0        132   f2d.o
       140          4          0          0          0        132   fnaninf.o
        10          0          0          0          0        116   fpinit.o
        10          0          0          0          0        116   fretinf.o
       100          0          0          0          0        116   retnan.o
        92          0          0          0          0        116   scalbn.o
        48          0          0          0          0        116   trapv.o
         0          0          0          0          0          0   usenofp.o
       184         44          0          0          0        744   dunder.o
        24          0          0          0          0        124   fabs.o
        48          0          0          0          0        124   fpclassify.o
       248          0          0          0          0        152   poly.o
      3152        296        136          0          0        352   pow.o
         0          0          8          0          0          0   qnan.o
      1080        142        200          0          0        188   rred.o
       232          0          0          0          0        296   sqrt.o
       128         20          0          0          0        144   tan.o
       848         84         96          0          0        196   tan_i.o

    ----------------------------------------------------------------------
     10714        884        440          0         96       7120   Library Totals
        18          0          0          0          0          0   (incl. Padding)

    ----------------------------------------------------------------------

      Code (inc. data)   RO Data    RW Data    ZI Data      Debug   Library Name

      1268         46          0          0         96       1456   c_w.l
      3484        252          0          0          0       3344   fz_wm.l
      5944        586        440          0          0       2320   m_wm.l

    ----------------------------------------------------------------------
     10714        884        440          0         96       7120   Library Totals

    ----------------------------------------------------------------------

==============================================================================


      Code (inc. data)   RO Data    RW Data    ZI Data      Debug   

     38314       4000       6174        568      13808     937040   Grand Totals
     38314       4000       6174        176      13808     937040   ELF Image Totals (compressed)
     38314       4000       6174        176          0          0   ROM Totals

==============================================================================

    Total RO  Size (Code + RO Data)                44488 (  43.45kB)
    Total RW  Size (RW Data + ZI Data)             14376 (  14.04kB)
    Total ROM Size (Code + RO Data + RW Data)      44664 (  43.62kB)

==============================================================================

